[x] Missing parent dir:
[r]   Open ms0:/noexist/item.txt: 80010002
[r]   Stat ms0:/noexist/item.txt: 80010002
[r]   Remove ms0:/noexist/item.txt: 80010002
