[x] Initial: COLOR=44444444

[x] Common:
[r]   Even: COLOR=440000ff
[r]   One level offset: COLOR=4400ff00

[x] Offsets:
[r]   Offset 1.062500: COLOR=4400ff00
[r]   Offset 1.001953: COLOR=4400ff00
[r]   Offset 1.000977: COLOR=4400ff00
[r]   Offset 1.000488: COLOR=4400ff00
[r]   Offset 1.000244: COLOR=4400ff00
[r]   Offset 1.000122: COLOR=4400ff00
[r]   Offset 0.500000: COLOR=440000ff
[r]   Offset 0.250000: COLOR=440000ff
[r]   Offset 0.125000: COLOR=440000ff
[r]   Offset 0.062500: COLOR=440000ff
[r]   Offset 0.031250: COLOR=440000ff
[r]   Offset 0.015625: COLOR=440000ff
[r]   Offset 0.007812: COLOR=440000ff
[r]   Offset 0.003906: COLOR=440000ff
[r]   Offset 0.001953: COLOR=440000ff
[r]   Blend at 0 - 00 / 00000000: COLOR=44fdfeff
[r]   Blend at 1 - 76 / 03000000: COLOR=44fdfeff
[r]   Blend at 2 - 77 / 03800000: COLOR=44fdfeff
[r]   Blend at 3 - 77 / 03c00000: COLOR=44fdfeff
[r]   Blend at 4 - 78 / 04000000: COLOR=44fdfeff
[r]   Blend at 5 - 78 / 04200000: COLOR=44fdfeff
[r]   Blend at 6 - 78 / 04400000: COLOR=44fdfeff
[r]   Blend at 7 - 78 / 04600000: COLOR=44fdfeff
[r]   Blend at 8 - 79 / 04800000: COLOR=44fdfeff
[r]   Blend at 9 - 79 / 04900000: COLOR=44fdfeff
[r]   Blend at 10 - 79 / 04a00000: COLOR=44fdfeff
[r]   Blend at 11 - 79 / 04b00000: COLOR=44fdfeff
[r]   Blend at 12 - 79 / 04c00000: COLOR=44fdfeff
[r]   Blend at 13 - 79 / 04d00000: COLOR=44fdfeff
[r]   Blend at 14 - 79 / 04e00000: COLOR=44fdfeff
[r]   Blend at 15 - 79 / 04f00000: COLOR=44fdfeff
[r]   Blend at 16 - 7a / 05000000: COLOR=44fdfeff
[r]   Blend at 17 - 7a / 05080000: COLOR=44fdfeff
[r]   Blend at 18 - 7a / 05100000: COLOR=44fdfeff
[r]   Blend at 19 - 7a / 05180000: COLOR=44fdfeff
[r]   Blend at 20 - 7a / 05200000: COLOR=44fdfeff
[r]   Blend at 21 - 7a / 05280000: COLOR=44fdfeff
[r]   Blend at 22 - 7a / 05300000: COLOR=44fdfeff
[r]   Blend at 23 - 7a / 05380000: COLOR=44fdfeff
[r]   Blend at 24 - 7a / 05400000: COLOR=44fdfeff
[r]   Blend at 25 - 7a / 05480000: COLOR=44fdfeff
[r]   Blend at 26 - 7a / 05500000: COLOR=44fdfeff
[r]   Blend at 27 - 7a / 05580000: COLOR=44fdfeff
[r]   Blend at 28 - 7a / 05600000: COLOR=44fdfeff
[r]   Blend at 29 - 7a / 05680000: COLOR=44fdfeff
[r]   Blend at 30 - 7a / 05700000: COLOR=44fdfeff
[r]   Blend at 31 - 7a / 05780000: COLOR=44fdfeff
[r]   Blend at 32 - 7b / 05800000: COLOR=44fdfeff
[r]   Blend at 33 - 7b / 05840000: COLOR=44fdfeff
[r]   Blend at 34 - 7b / 05880000: COLOR=44fdfeff
[r]   Blend at 35 - 7b / 058c0000: COLOR=44fdfeff
[r]   Blend at 36 - 7b / 05900000: COLOR=44fdfeff
[r]   Blend at 37 - 7b / 05940000: COLOR=44fdfeff
[r]   Blend at 38 - 7b / 05980000: COLOR=44fdfeff
[r]   Blend at 39 - 7b / 059c0000: COLOR=44fdfeff
[r]   Blend at 40 - 7b / 05a00000: COLOR=44fdfeff
[r]   Blend at 41 - 7b / 05a40000: COLOR=44fdfeff
[r]   Blend at 42 - 7b / 05a80000: COLOR=44fdfeff
[r]   Blend at 43 - 7b / 05ac0000: COLOR=44fdfeff
[r]   Blend at 44 - 7b / 05b00000: COLOR=44fdfeff
[r]   Blend at 45 - 7b / 05b40000: COLOR=44fdfeff
[r]   Blend at 46 - 7b / 05b80000: COLOR=44fdfeff
[r]   Blend at 47 - 7b / 05bc0000: COLOR=44fdfeff
[r]   Blend at 48 - 7b / 05c00000: COLOR=44fdfeff
[r]   Blend at 49 - 7b / 05c40000: COLOR=44fdfeff
[r]   Blend at 50 - 7b / 05c80000: COLOR=44fdfeff
[r]   Blend at 51 - 7b / 05cc0000: COLOR=44fdfeff
[r]   Blend at 52 - 7b / 05d00000: COLOR=44fdfeff
[r]   Blend at 53 - 7b / 05d40000: COLOR=44fdfeff
[r]   Blend at 54 - 7b / 05d80000: COLOR=44fdfeff
[r]   Blend at 55 - 7b / 05dc0000: COLOR=44fdfeff
[r]   Blend at 56 - 7b / 05e00000: COLOR=44fdfeff
[r]   Blend at 57 - 7b / 05e40000: COLOR=44fdfeff
[r]   Blend at 58 - 7b / 05e80000: COLOR=44fdfeff
[r]   Blend at 59 - 7b / 05ec0000: COLOR=44fdfeff
[r]   Blend at 60 - 7b / 05f00000: COLOR=44fdfeff
[r]   Blend at 61 - 7b / 05f40000: COLOR=44fdfeff
[r]   Blend at 62 - 7b / 05f80000: COLOR=44fdfeff
[r]   Blend at 63 - 7b / 05fc0000: COLOR=44fdfeff
[r]   Blend at 64 - 7c / 06000000: COLOR=44fdfeff
[r]   Blend at 65 - 7c / 06020000: COLOR=44fdfeff
[r]   Blend at 66 - 7c / 06040000: COLOR=44fdfeff
[r]   Blend at 67 - 7c / 06060000: COLOR=44fdfeff
[r]   Blend at 68 - 7c / 06080000: COLOR=44fdfeff
[r]   Blend at 69 - 7c / 060a0000: COLOR=44fdfeff
[r]   Blend at 70 - 7c / 060c0000: COLOR=44fdfeff
[r]   Blend at 71 - 7c / 060e0000: COLOR=44fdfeff
[r]   Blend at 72 - 7c / 06100000: COLOR=44fdfeff
[r]   Blend at 73 - 7c / 06120000: COLOR=44fdfeff
[r]   Blend at 74 - 7c / 06140000: COLOR=44fdfeff
[r]   Blend at 75 - 7c / 06160000: COLOR=44fdfeff
[r]   Blend at 76 - 7c / 06180000: COLOR=44fdfeff
[r]   Blend at 77 - 7c / 061a0000: COLOR=44fdfeff
[r]   Blend at 78 - 7c / 061c0000: COLOR=44fdfeff
[r]   Blend at 79 - 7c / 061e0000: COLOR=44fdfeff
[r]   Blend at 80 - 7c / 06200000: COLOR=44fdfeff
[r]   Blend at 81 - 7c / 06220000: COLOR=44fdfeff
[r]   Blend at 82 - 7c / 06240000: COLOR=44fdfeff
[r]   Blend at 83 - 7c / 06260000: COLOR=44fdfeff
[r]   Blend at 84 - 7c / 06280000: COLOR=44fdfeff
[r]   Blend at 85 - 7c / 062a0000: COLOR=44fdfeff
[r]   Blend at 86 - 7c / 062c0000: COLOR=44fdfeff
[r]   Blend at 87 - 7c / 062e0000: COLOR=44fdfeff
[r]   Blend at 88 - 7c / 06300000: COLOR=44fdfeff
[r]   Blend at 89 - 7c / 06320000: COLOR=44fdfeff
[r]   Blend at 90 - 7c / 06340000: COLOR=44fdfeff
[r]   Blend at 91 - 7c / 06360000: COLOR=44fdfeff
[r]   Blend at 92 - 7c / 06380000: COLOR=44fdfeff
[r]   Blend at 93 - 7c / 063a0000: COLOR=44fdfeff
[r]   Blend at 94 - 7c / 063c0000: COLOR=44fdfeff
[r]   Blend at 95 - 7c / 063e0000: COLOR=44fdfeff
[r]   Blend at 96 - 7c / 06400000: COLOR=44fdfeff
[r]   Blend at 97 - 7c / 06420000: COLOR=44fdfeff
[r]   Blend at 98 - 7c / 06440000: COLOR=44fdfeff
[r]   Blend at 99 - 7c / 06460000: COLOR=44fdfeff
[r]   Blend at 100 - 7c / 06480000: COLOR=44fdfeff
[r]   Blend at 101 - 7c / 064a0000: COLOR=44fdfeff
[r]   Blend at 102 - 7c / 064c0000: COLOR=44fdfeff
[r]   Blend at 103 - 7c / 064e0000: COLOR=44fdfeff
[r]   Blend at 104 - 7c / 06500000: COLOR=44fdfeff
[r]   Blend at 105 - 7c / 06520000: COLOR=44fdfeff
[r]   Blend at 106 - 7c / 06540000: COLOR=44fdfeff
[r]   Blend at 107 - 7c / 06560000: COLOR=44fdfeff
[r]   Blend at 108 - 7c / 06580000: COLOR=44fdfeff
[r]   Blend at 109 - 7c / 065a0000: COLOR=44fdfeff
[r]   Blend at 110 - 7c / 065c0000: COLOR=44fdfeff
[r]   Blend at 111 - 7c / 065e0000: COLOR=44fdfeff
[r]   Blend at 112 - 7c / 06600000: COLOR=44fdfeff
[r]   Blend at 113 - 7c / 06620000: COLOR=44fdfeff
[r]   Blend at 114 - 7c / 06640000: COLOR=44fdfeff
[r]   Blend at 115 - 7c / 06660000: COLOR=44fdfeff
[r]   Blend at 116 - 7c / 06680000: COLOR=44fdfeff
[r]   Blend at 117 - 7c / 066a0000: COLOR=44fdfeff
[r]   Blend at 118 - 7c / 066c0000: COLOR=44fdfeff
[r]   Blend at 119 - 7c / 066e0000: COLOR=44fdfeff
[r]   Blend at 120 - 7c / 06700000: COLOR=44fdfeff
[r]   Blend at 121 - 7c / 06720000: COLOR=44fdfeff
[r]   Blend at 122 - 7c / 06740000: COLOR=44fdfeff
[r]   Blend at 123 - 7c / 06760000: COLOR=44fdfeff
[r]   Blend at 124 - 7c / 06780000: COLOR=44fdfeff
[r]   Blend at 125 - 7c / 067a0000: COLOR=44fdfeff
[r]   Blend at 126 - 7c / 067c0000: COLOR=44fdfeff
[r]   Blend at 127 - 7c / 067e0000: COLOR=44fdfeff
[r]   Blend at 128 - 7d / 06800000: COLOR=44fdfeff
[r]   Blend at 129 - 7d / 06810000: COLOR=44fdfeff
[r]   Blend at 130 - 7d / 06820000: COLOR=44fdfeff
[r]   Blend at 131 - 7d / 06830000: COLOR=44fdfeff
[r]   Blend at 132 - 7d / 06840000: COLOR=44fdfeff
[r]   Blend at 133 - 7d / 06850000: COLOR=44fdfeff
[r]   Blend at 134 - 7d / 06860000: COLOR=44fdfeff
[r]   Blend at 135 - 7d / 06870000: COLOR=44fdfeff
[r]   Blend at 136 - 7d / 06880000: COLOR=44edeeef
[r]   Blend at 137 - 7d / 06890000: COLOR=44edeeef
[r]   Blend at 138 - 7d / 068a0000: COLOR=44edeeef
[r]   Blend at 139 - 7d / 068b0000: COLOR=44edeeef
[r]   Blend at 140 - 7d / 068c0000: COLOR=44edeeef
[r]   Blend at 141 - 7d / 068d0000: COLOR=44edeeef
[r]   Blend at 142 - 7d / 068e0000: COLOR=44edeeef
[r]   Blend at 143 - 7d / 068f0000: COLOR=44edeeef
[r]   Blend at 144 - 7d / 06900000: COLOR=44dddedf
[r]   Blend at 145 - 7d / 06910000: COLOR=44dddedf
[r]   Blend at 146 - 7d / 06920000: COLOR=44dddedf
[r]   Blend at 147 - 7d / 06930000: COLOR=44dddedf
[r]   Blend at 148 - 7d / 06940000: COLOR=44dddedf
[r]   Blend at 149 - 7d / 06950000: COLOR=44dddedf
[r]   Blend at 150 - 7d / 06960000: COLOR=44dddedf
[r]   Blend at 151 - 7d / 06970000: COLOR=44dddedf
[r]   Blend at 152 - 7d / 06980000: COLOR=44cdcecf
[r]   Blend at 153 - 7d / 06990000: COLOR=44cdcecf
[r]   Blend at 154 - 7d / 069a0000: COLOR=44cdcecf
[r]   Blend at 155 - 7d / 069b0000: COLOR=44cdcecf
[r]   Blend at 156 - 7d / 069c0000: COLOR=44cdcecf
[r]   Blend at 157 - 7d / 069d0000: COLOR=44cdcecf
[r]   Blend at 158 - 7d / 069e0000: COLOR=44cdcecf
[r]   Blend at 159 - 7d / 069f0000: COLOR=44cdcecf
[r]   Blend at 160 - 7d / 06a00000: COLOR=44bdbebf
[r]   Blend at 161 - 7d / 06a10000: COLOR=44bdbebf
[r]   Blend at 162 - 7d / 06a20000: COLOR=44bdbebf
[r]   Blend at 163 - 7d / 06a30000: COLOR=44bdbebf
[r]   Blend at 164 - 7d / 06a40000: COLOR=44bdbebf
[r]   Blend at 165 - 7d / 06a50000: COLOR=44bdbebf
[r]   Blend at 166 - 7d / 06a60000: COLOR=44bdbebf
[r]   Blend at 167 - 7d / 06a70000: COLOR=44bdbebf
[r]   Blend at 168 - 7d / 06a80000: COLOR=44adaeaf
[r]   Blend at 169 - 7d / 06a90000: COLOR=44adaeaf
[r]   Blend at 170 - 7d / 06aa0000: COLOR=44adaeaf
[r]   Blend at 171 - 7d / 06ab0000: COLOR=44adaeaf
[r]   Blend at 172 - 7d / 06ac0000: COLOR=44adaeaf
[r]   Blend at 173 - 7d / 06ad0000: COLOR=44adaeaf
[r]   Blend at 174 - 7d / 06ae0000: COLOR=44adaeaf
[r]   Blend at 175 - 7d / 06af0000: COLOR=44adaeaf
[r]   Blend at 176 - 7d / 06b00000: COLOR=449e9e9f
[r]   Blend at 177 - 7d / 06b10000: COLOR=449e9e9f
[r]   Blend at 178 - 7d / 06b20000: COLOR=449e9e9f
[r]   Blend at 179 - 7d / 06b30000: COLOR=449e9e9f
[r]   Blend at 180 - 7d / 06b40000: COLOR=449e9e9f
[r]   Blend at 181 - 7d / 06b50000: COLOR=449e9e9f
[r]   Blend at 182 - 7d / 06b60000: COLOR=449e9e9f
[r]   Blend at 183 - 7d / 06b70000: COLOR=449e9e9f
[r]   Blend at 184 - 7d / 06b80000: COLOR=448e8e8f
[r]   Blend at 185 - 7d / 06b90000: COLOR=448e8e8f
[r]   Blend at 186 - 7d / 06ba0000: COLOR=448e8e8f
[r]   Blend at 187 - 7d / 06bb0000: COLOR=448e8e8f
[r]   Blend at 188 - 7d / 06bc0000: COLOR=448e8e8f
[r]   Blend at 189 - 7d / 06bd0000: COLOR=448e8e8f
[r]   Blend at 190 - 7d / 06be0000: COLOR=448e8e8f
[r]   Blend at 191 - 7d / 06bf0000: COLOR=448e8e8f
[r]   Blend at 192 - 7d / 06c00000: COLOR=447e7f7f
[r]   Blend at 193 - 7d / 06c10000: COLOR=447e7f7f
[r]   Blend at 194 - 7d / 06c20000: COLOR=447e7f7f
[r]   Blend at 195 - 7d / 06c30000: COLOR=447e7f7f
[r]   Blend at 196 - 7d / 06c40000: COLOR=447e7f7f
[r]   Blend at 197 - 7d / 06c50000: COLOR=447e7f7f
[r]   Blend at 198 - 7d / 06c60000: COLOR=447e7f7f
[r]   Blend at 199 - 7d / 06c70000: COLOR=447e7f7f
[r]   Blend at 200 - 7d / 06c80000: COLOR=446e6f6f
[r]   Blend at 201 - 7d / 06c90000: COLOR=446e6f6f
[r]   Blend at 202 - 7d / 06ca0000: COLOR=446e6f6f
[r]   Blend at 203 - 7d / 06cb0000: COLOR=446e6f6f
[r]   Blend at 204 - 7d / 06cc0000: COLOR=446e6f6f
[r]   Blend at 205 - 7d / 06cd0000: COLOR=446e6f6f
[r]   Blend at 206 - 7d / 06ce0000: COLOR=446e6f6f
[r]   Blend at 207 - 7d / 06cf0000: COLOR=446e6f6f
[r]   Blend at 208 - 7d / 06d00000: COLOR=445e5f5f
[r]   Blend at 209 - 7d / 06d10000: COLOR=445e5f5f
[r]   Blend at 210 - 7d / 06d20000: COLOR=445e5f5f
[r]   Blend at 211 - 7d / 06d30000: COLOR=445e5f5f
[r]   Blend at 212 - 7d / 06d40000: COLOR=445e5f5f
[r]   Blend at 213 - 7d / 06d50000: COLOR=445e5f5f
[r]   Blend at 214 - 7d / 06d60000: COLOR=445e5f5f
[r]   Blend at 215 - 7d / 06d70000: COLOR=445e5f5f
[r]   Blend at 216 - 7d / 06d80000: COLOR=444f4f4f
[r]   Blend at 217 - 7d / 06d90000: COLOR=444f4f4f
[r]   Blend at 218 - 7d / 06da0000: COLOR=444f4f4f
[r]   Blend at 219 - 7d / 06db0000: COLOR=444f4f4f
[r]   Blend at 220 - 7d / 06dc0000: COLOR=444f4f4f
[r]   Blend at 221 - 7d / 06dd0000: COLOR=444f4f4f
[r]   Blend at 222 - 7d / 06de0000: COLOR=444f4f4f
[r]   Blend at 223 - 7d / 06df0000: COLOR=444f4f4f
[r]   Blend at 224 - 7d / 06e00000: COLOR=443f3f3f
[r]   Blend at 225 - 7d / 06e10000: COLOR=443f3f3f
[r]   Blend at 226 - 7d / 06e20000: COLOR=443f3f3f
[r]   Blend at 227 - 7d / 06e30000: COLOR=443f3f3f
[r]   Blend at 228 - 7d / 06e40000: COLOR=443f3f3f
[r]   Blend at 229 - 7d / 06e50000: COLOR=443f3f3f
[r]   Blend at 230 - 7d / 06e60000: COLOR=443f3f3f
[r]   Blend at 231 - 7d / 06e70000: COLOR=443f3f3f
[r]   Blend at 232 - 7d / 06e80000: COLOR=442f2f2f
[r]   Blend at 233 - 7d / 06e90000: COLOR=442f2f2f
[r]   Blend at 234 - 7d / 06ea0000: COLOR=442f2f2f
[r]   Blend at 235 - 7d / 06eb0000: COLOR=442f2f2f
[r]   Blend at 236 - 7d / 06ec0000: COLOR=442f2f2f
[r]   Blend at 237 - 7d / 06ed0000: COLOR=442f2f2f
[r]   Blend at 238 - 7d / 06ee0000: COLOR=442f2f2f
[r]   Blend at 239 - 7d / 06ef0000: COLOR=442f2f2f
[r]   Blend at 240 - 7d / 06f00000: COLOR=441f1f1f
[r]   Blend at 241 - 7d / 06f10000: COLOR=441f1f1f
[r]   Blend at 242 - 7d / 06f20000: COLOR=441f1f1f
[r]   Blend at 243 - 7d / 06f30000: COLOR=441f1f1f
[r]   Blend at 244 - 7d / 06f40000: COLOR=441f1f1f
[r]   Blend at 245 - 7d / 06f50000: COLOR=441f1f1f
[r]   Blend at 246 - 7d / 06f60000: COLOR=441f1f1f
[r]   Blend at 247 - 7d / 06f70000: COLOR=441f1f1f
[r]   Blend at 248 - 7d / 06f80000: COLOR=440f0f0f
[r]   Blend at 249 - 7d / 06f90000: COLOR=440f0f0f
[r]   Blend at 250 - 7d / 06fa0000: COLOR=440f0f0f
[r]   Blend at 251 - 7d / 06fb0000: COLOR=440f0f0f
[r]   Blend at 252 - 7d / 06fc0000: COLOR=440f0f0f
[r]   Blend at 253 - 7d / 06fd0000: COLOR=440f0f0f
[r]   Blend at 254 - 7d / 06fe0000: COLOR=440f0f0f
[r]   Blend at 255 - 7d / 06ff0000: COLOR=440f0f0f

[x] Half blends:
[r]   0 * half: COLOR=44000000
[r]   1 * half: COLOR=44010101
[r]   2 * half: COLOR=44020202
[r]   3 * half: COLOR=44030303
[r]   4 * half: COLOR=44040404
[r]   5 * half: COLOR=44050505
[r]   6 * half: COLOR=44060606
[r]   7 * half: COLOR=44070707
[r]   8 * half: COLOR=44080808
[r]   9 * half: COLOR=44090909
[r]   10 * half: COLOR=440a0a0a
[r]   11 * half: COLOR=440b0b0b
[r]   12 * half: COLOR=440c0c0c
[r]   13 * half: COLOR=440d0d0d
[r]   14 * half: COLOR=440e0e0e
[r]   15 * half: COLOR=440f0f0f
[r]   16 * half: COLOR=44101010
[r]   17 * half: COLOR=44111111
[r]   18 * half: COLOR=44121212
[r]   19 * half: COLOR=44131313
[r]   20 * half: COLOR=44141414
[r]   21 * half: COLOR=44151515
[r]   22 * half: COLOR=44161616
[r]   23 * half: COLOR=44171717
[r]   24 * half: COLOR=44181818
[r]   25 * half: COLOR=44191919
[r]   26 * half: COLOR=441a1a1a
[r]   27 * half: COLOR=441b1b1b
[r]   28 * half: COLOR=441c1c1c
[r]   29 * half: COLOR=441d1d1d
[r]   30 * half: COLOR=441e1e1e
[r]   31 * half: COLOR=441f1f1f
[r]   32 * half: COLOR=44202020
[r]   33 * half: COLOR=44212121
[r]   34 * half: COLOR=44222222
[r]   35 * half: COLOR=44232323
[r]   36 * half: COLOR=44242424
[r]   37 * half: COLOR=44252525
[r]   38 * half: COLOR=44262626
[r]   39 * half: COLOR=44272727
[r]   40 * half: COLOR=44282828
[r]   41 * half: COLOR=44292929
[r]   42 * half: COLOR=442a2a2a
[r]   43 * half: COLOR=442b2b2b
[r]   44 * half: COLOR=442c2c2c
[r]   45 * half: COLOR=442d2d2d
[r]   46 * half: COLOR=442e2e2e
[r]   47 * half: COLOR=442f2f2f
[r]   48 * half: COLOR=44303030
[r]   49 * half: COLOR=44313131
[r]   50 * half: COLOR=44323232
[r]   51 * half: COLOR=44333333
[r]   52 * half: COLOR=44343434
[r]   53 * half: COLOR=44353535
[r]   54 * half: COLOR=44363636
[r]   55 * half: COLOR=44373737
[r]   56 * half: COLOR=44383838
[r]   57 * half: COLOR=44393939
[r]   58 * half: COLOR=443a3a3a
[r]   59 * half: COLOR=443b3b3b
[r]   60 * half: COLOR=443c3c3c
[r]   61 * half: COLOR=443d3d3d
[r]   62 * half: COLOR=443e3e3e
[r]   63 * half: COLOR=443f3f3f
[r]   64 * half: COLOR=44404040
[r]   65 * half: COLOR=44414141
[r]   66 * half: COLOR=44424242
[r]   67 * half: COLOR=44434343
[r]   68 * half: COLOR=44444444
[r]   69 * half: COLOR=44454545
[r]   70 * half: COLOR=44464646
[r]   71 * half: COLOR=44474747
[r]   72 * half: COLOR=44484848
[r]   73 * half: COLOR=44494949
[r]   74 * half: COLOR=444a4a4a
[r]   75 * half: COLOR=444b4b4b
[r]   76 * half: COLOR=444c4c4c
[r]   77 * half: COLOR=444d4d4d
[r]   78 * half: COLOR=444e4e4e
[r]   79 * half: COLOR=444f4f4f
[r]   80 * half: COLOR=44505050
[r]   81 * half: COLOR=44515151
[r]   82 * half: COLOR=44525252
[r]   83 * half: COLOR=44535353
[r]   84 * half: COLOR=44545454
[r]   85 * half: COLOR=44555555
[r]   86 * half: COLOR=44565656
[r]   87 * half: COLOR=44575757
[r]   88 * half: COLOR=44585858
[r]   89 * half: COLOR=44595959
[r]   90 * half: COLOR=445a5a5a
[r]   91 * half: COLOR=445b5b5b
[r]   92 * half: COLOR=445c5c5c
[r]   93 * half: COLOR=445d5d5d
[r]   94 * half: COLOR=445e5e5e
[r]   95 * half: COLOR=445f5f5f
[r]   96 * half: COLOR=44606060
[r]   97 * half: COLOR=44616161
[r]   98 * half: COLOR=44626262
[r]   99 * half: COLOR=44636363
[r]   100 * half: COLOR=44646464
[r]   101 * half: COLOR=44656565
[r]   102 * half: COLOR=44666666
[r]   103 * half: COLOR=44676767
[r]   104 * half: COLOR=44686868
[r]   105 * half: COLOR=44696969
[r]   106 * half: COLOR=446a6a6a
[r]   107 * half: COLOR=446b6b6b
[r]   108 * half: COLOR=446c6c6c
[r]   109 * half: COLOR=446d6d6d
[r]   110 * half: COLOR=446e6e6e
[r]   111 * half: COLOR=446f6f6f
[r]   112 * half: COLOR=44707070
[r]   113 * half: COLOR=44717171
[r]   114 * half: COLOR=44727272
[r]   115 * half: COLOR=44737373
[r]   116 * half: COLOR=44747474
[r]   117 * half: COLOR=44757575
[r]   118 * half: COLOR=44767676
[r]   119 * half: COLOR=44777777
[r]   120 * half: COLOR=44787878
[r]   121 * half: COLOR=44797979
[r]   122 * half: COLOR=447a7a7a
[r]   123 * half: COLOR=447b7b7b
[r]   124 * half: COLOR=447c7c7c
[r]   125 * half: COLOR=447d7d7d
[r]   126 * half: COLOR=447e7e7e
[r]   127 * half: COLOR=447f7f7f
[r]   128 * half: COLOR=44808080
[r]   129 * half: COLOR=44818181
[r]   130 * half: COLOR=44828282
[r]   131 * half: COLOR=44838383
[r]   132 * half: COLOR=44848484
[r]   133 * half: COLOR=44858585
[r]   134 * half: COLOR=44868686
[r]   135 * half: COLOR=44878787
[r]   136 * half: COLOR=44888888
[r]   137 * half: COLOR=44898989
[r]   138 * half: COLOR=448a8a8a
[r]   139 * half: COLOR=448b8b8b
[r]   140 * half: COLOR=448c8c8c
[r]   141 * half: COLOR=448d8d8d
[r]   142 * half: COLOR=448e8e8e
[r]   143 * half: COLOR=448f8f8f
[r]   144 * half: COLOR=44909090
[r]   145 * half: COLOR=44919191
[r]   146 * half: COLOR=44929292
[r]   147 * half: COLOR=44939393
[r]   148 * half: COLOR=44949494
[r]   149 * half: COLOR=44959595
[r]   150 * half: COLOR=44969696
[r]   151 * half: COLOR=44979797
[r]   152 * half: COLOR=44989898
[r]   153 * half: COLOR=44999999
[r]   154 * half: COLOR=449a9a9a
[r]   155 * half: COLOR=449b9b9b
[r]   156 * half: COLOR=449c9c9c
[r]   157 * half: COLOR=449d9d9d
[r]   158 * half: COLOR=449e9e9e
[r]   159 * half: COLOR=449f9f9f
[r]   160 * half: COLOR=44a0a0a0
[r]   161 * half: COLOR=44a1a1a1
[r]   162 * half: COLOR=44a2a2a2
[r]   163 * half: COLOR=44a3a3a3
[r]   164 * half: COLOR=44a4a4a4
[r]   165 * half: COLOR=44a5a5a5
[r]   166 * half: COLOR=44a6a6a6
[r]   167 * half: COLOR=44a7a7a7
[r]   168 * half: COLOR=44a8a8a8
[r]   169 * half: COLOR=44a9a9a9
[r]   170 * half: COLOR=44aaaaaa
[r]   171 * half: COLOR=44ababab
[r]   172 * half: COLOR=44acacac
[r]   173 * half: COLOR=44adadad
[r]   174 * half: COLOR=44aeaeae
[r]   175 * half: COLOR=44afafaf
[r]   176 * half: COLOR=44b0b0b0
[r]   177 * half: COLOR=44b1b1b1
[r]   178 * half: COLOR=44b2b2b2
[r]   179 * half: COLOR=44b3b3b3
[r]   180 * half: COLOR=44b4b4b4
[r]   181 * half: COLOR=44b5b5b5
[r]   182 * half: COLOR=44b6b6b6
[r]   183 * half: COLOR=44b7b7b7
[r]   184 * half: COLOR=44b8b8b8
[r]   185 * half: COLOR=44b9b9b9
[r]   186 * half: COLOR=44bababa
[r]   187 * half: COLOR=44bbbbbb
[r]   188 * half: COLOR=44bcbcbc
[r]   189 * half: COLOR=44bdbdbd
[r]   190 * half: COLOR=44bebebe
[r]   191 * half: COLOR=44bfbfbf
[r]   192 * half: COLOR=44c0c0c0
[r]   193 * half: COLOR=44c1c1c1
[r]   194 * half: COLOR=44c2c2c2
[r]   195 * half: COLOR=44c3c3c3
[r]   196 * half: COLOR=44c4c4c4
[r]   197 * half: COLOR=44c5c5c5
[r]   198 * half: COLOR=44c6c6c6
[r]   199 * half: COLOR=44c7c7c7
[r]   200 * half: COLOR=44c8c8c8
[r]   201 * half: COLOR=44c9c9c9
[r]   202 * half: COLOR=44cacaca
[r]   203 * half: COLOR=44cbcbcb
[r]   204 * half: COLOR=44cccccc
[r]   205 * half: COLOR=44cdcdcd
[r]   206 * half: COLOR=44cecece
[r]   207 * half: COLOR=44cfcfcf
[r]   208 * half: COLOR=44d0d0d0
[r]   209 * half: COLOR=44d1d1d1
[r]   210 * half: COLOR=44d2d2d2
[r]   211 * half: COLOR=44d3d3d3
[r]   212 * half: COLOR=44d4d4d4
[r]   213 * half: COLOR=44d5d5d5
[r]   214 * half: COLOR=44d6d6d6
[r]   215 * half: COLOR=44d7d7d7
[r]   216 * half: COLOR=44d8d8d8
[r]   217 * half: COLOR=44d9d9d9
[r]   218 * half: COLOR=44dadada
[r]   219 * half: COLOR=44dbdbdb
[r]   220 * half: COLOR=44dcdcdc
[r]   221 * half: COLOR=44dddddd
[r]   222 * half: COLOR=44dedede
[r]   223 * half: COLOR=44dfdfdf
[r]   224 * half: COLOR=44e0e0e0
[r]   225 * half: COLOR=44e1e1e1
[r]   226 * half: COLOR=44e2e2e2
[r]   227 * half: COLOR=44e3e3e3
[r]   228 * half: COLOR=44e4e4e4
[r]   229 * half: COLOR=44e5e5e5
[r]   230 * half: COLOR=44e6e6e6
[r]   231 * half: COLOR=44e7e7e7
[r]   232 * half: COLOR=44e8e8e8
[r]   233 * half: COLOR=44e9e9e9
[r]   234 * half: COLOR=44eaeaea
[r]   235 * half: COLOR=44ebebeb
[r]   236 * half: COLOR=44ececec
[r]   237 * half: COLOR=44ededed
[r]   238 * half: COLOR=44eeeeee
[r]   239 * half: COLOR=44efefef
[r]   240 * half: COLOR=44f0f0f0
[r]   241 * half: COLOR=44f1f1f1
[r]   242 * half: COLOR=44f2f2f2
[r]   243 * half: COLOR=44f3f3f3
[r]   244 * half: COLOR=44f4f4f4
[r]   245 * half: COLOR=44f5f5f5
[r]   246 * half: COLOR=44f6f6f6
[r]   247 * half: COLOR=44f7f7f7
[r]   248 * half: COLOR=44f8f8f8
[r]   249 * half: COLOR=44f9f9f9
[r]   250 * half: COLOR=44fafafa
[r]   251 * half: COLOR=44fbfbfb
[r]   252 * half: COLOR=44fcfcfc
[r]   253 * half: COLOR=44fdfdfd
[r]   254 * half: COLOR=44fefefe
[r]   255 * half: COLOR=44ffffff
