[x] Unlock test
[x]   Unlocked, ran: 4
[r]   Delayed, ran: 7
