[x] Initial: COLOR=44444444

[x] Common:
[r]   One + One: COLOR=44ffffff
[r]   One + Zero: COLOR=44ffffff
[r]   Zero + One: COLOR=44ffffff
[r]   Half + Half: COLOR=44fefefe
[r]   7F + 3F: COLOR=44bebebe
[r]   7F + 3F (RGB): COLOR=44bebebe

[x] Doubling:
[r]   Half x2 + Half: COLOR=44ffffff
[r]   One x2 + Half: COLOR=44ffffff
[r]   Half x2 + One: COLOR=44ffffff
[r]   Quarter x2 + Half: COLOR=44ffffff
[r]   0F x2 + 0F: COLOR=443c3c3c

[x] Alpha:
[r]   Half + Half (alpha): COLOR=ff3f3f3f
[r]   Half x2 + Half (alpha): COLOR=ff3f3f3f
[r]   Quarter + Half (alpha): COLOR=ff1f1f1f
[r]   Half + Quarter (alpha): COLOR=ff1f1f1f
[r]   RGB func only: COLOR=ff3f3f3f
[r]   RGB func only + double: COLOR=ff3f3f3f

[x] Alpha rounding:
[r]   0x7F * 0x00 (0.000000 / 0): COLOR=ff000000
[r]   0x7F * 0x01 (0.498039 / 127): COLOR=ff000000
[r]   0x7F * 0x02 (0.996078 / 254): COLOR=ff010101
[r]   0x7F * 0x03 (1.494118 / 126): COLOR=ff010101
[r]   0x7F * 0x04 (1.992157 / 253): COLOR=ff020202
[r]   0x7F * 0x05 (2.490196 / 125): COLOR=ff020202
[r]   0x7F * 0x06 (2.988235 / 252): COLOR=ff030303
[r]   0x7F * 0x07 (3.486275 / 124): COLOR=ff030303
[r]   0x7F * 0x08 (3.984314 / 251): COLOR=ff040404
[r]   0x7F * 0x09 (4.482353 / 123): COLOR=ff040404
[r]   0x7F * 0x0A (4.980392 / 250): COLOR=ff050505
[r]   0x7F * 0x0B (5.478431 / 122): COLOR=ff050505
[r]   0x7F * 0x0C (5.976471 / 249): COLOR=ff060606
[r]   0x7F * 0x0D (6.474510 / 121): COLOR=ff060606
[r]   0x7F * 0x0E (6.972549 / 248): COLOR=ff070707
[r]   0x7F * 0x0F (7.470588 / 120): COLOR=ff070707
[r]   0x7F * 0x10 (7.968627 / 247): COLOR=ff080808
[r]   0x7F * 0x11 (8.466667 / 119): COLOR=ff080808
[r]   0x7F * 0x12 (8.964706 / 246): COLOR=ff090909
[r]   0x7F * 0x13 (9.462745 / 118): COLOR=ff090909
[r]   0x7F * 0x14 (9.960784 / 245): COLOR=ff0a0a0a
[r]   0x7F * 0x15 (10.458824 / 117): COLOR=ff0a0a0a
[r]   0x7F * 0x16 (10.956863 / 244): COLOR=ff0b0b0b
[r]   0x7F * 0x17 (11.454902 / 116): COLOR=ff0b0b0b
[r]   0x7F * 0x18 (11.952941 / 243): COLOR=ff0c0c0c
[r]   0x7F * 0x19 (12.450980 / 115): COLOR=ff0c0c0c
[r]   0x7F * 0x1A (12.949020 / 242): COLOR=ff0d0d0d
[r]   0x7F * 0x1B (13.447059 / 114): COLOR=ff0d0d0d
[r]   0x7F * 0x1C (13.945098 / 241): COLOR=ff0e0e0e
[r]   0x7F * 0x1D (14.443137 / 113): COLOR=ff0e0e0e
[r]   0x7F * 0x1E (14.941176 / 240): COLOR=ff0f0f0f
[r]   0x7F * 0x1F (15.439216 / 112): COLOR=ff0f0f0f
[r]   0x7F * 0x20 (15.937255 / 239): COLOR=ff101010
[r]   0x7F * 0x21 (16.435294 / 111): COLOR=ff101010
[r]   0x7F * 0x22 (16.933333 / 238): COLOR=ff111111
[r]   0x7F * 0x23 (17.431373 / 110): COLOR=ff111111
[r]   0x7F * 0x24 (17.929412 / 237): COLOR=ff121212
[r]   0x7F * 0x25 (18.427451 / 109): COLOR=ff121212
[r]   0x7F * 0x26 (18.925490 / 236): COLOR=ff131313
[r]   0x7F * 0x27 (19.423529 / 108): COLOR=ff131313
[r]   0x7F * 0x28 (19.921569 / 235): COLOR=ff141414
[r]   0x7F * 0x29 (20.419608 / 107): COLOR=ff141414
[r]   0x7F * 0x2A (20.917647 / 234): COLOR=ff151515
[r]   0x7F * 0x2B (21.415686 / 106): COLOR=ff151515
[r]   0x7F * 0x2C (21.913725 / 233): COLOR=ff161616
[r]   0x7F * 0x2D (22.411765 / 105): COLOR=ff161616
[r]   0x7F * 0x2E (22.909804 / 232): COLOR=ff171717
[r]   0x7F * 0x2F (23.407843 / 104): COLOR=ff171717
[r]   0x7F * 0x30 (23.905882 / 231): COLOR=ff181818
[r]   0x7F * 0x31 (24.403922 / 103): COLOR=ff181818
[r]   0x7F * 0x32 (24.901961 / 230): COLOR=ff191919
[r]   0x7F * 0x33 (25.400000 / 102): COLOR=ff191919
[r]   0x7F * 0x34 (25.898039 / 229): COLOR=ff1a1a1a
[r]   0x7F * 0x35 (26.396078 / 101): COLOR=ff1a1a1a
[r]   0x7F * 0x36 (26.894118 / 228): COLOR=ff1b1b1b
[r]   0x7F * 0x37 (27.392157 / 100): COLOR=ff1b1b1b
[r]   0x7F * 0x38 (27.890196 / 227): COLOR=ff1c1c1c
[r]   0x7F * 0x39 (28.388235 / 99): COLOR=ff1c1c1c
[r]   0x7F * 0x3A (28.886275 / 226): COLOR=ff1d1d1d
[r]   0x7F * 0x3B (29.384314 / 98): COLOR=ff1d1d1d
[r]   0x7F * 0x3C (29.882353 / 225): COLOR=ff1e1e1e
[r]   0x7F * 0x3D (30.380392 / 97): COLOR=ff1e1e1e
[r]   0x7F * 0x3E (30.878431 / 224): COLOR=ff1f1f1f
[r]   0x7F * 0x3F (31.376471 / 96): COLOR=ff1f1f1f
[r]   0x7F * 0x40 (31.874510 / 223): COLOR=ff202020
[r]   0x7F * 0x41 (32.372549 / 95): COLOR=ff202020
[r]   0x7F * 0x42 (32.870588 / 222): COLOR=ff212121
[r]   0x7F * 0x43 (33.368627 / 94): COLOR=ff212121
[r]   0x7F * 0x44 (33.866667 / 221): COLOR=ff222222
[r]   0x7F * 0x45 (34.364706 / 93): COLOR=ff222222
[r]   0x7F * 0x46 (34.862745 / 220): COLOR=ff232323
[r]   0x7F * 0x47 (35.360784 / 92): COLOR=ff232323
[r]   0x7F * 0x48 (35.858824 / 219): COLOR=ff242424
[r]   0x7F * 0x49 (36.356863 / 91): COLOR=ff242424
[r]   0x7F * 0x4A (36.854902 / 218): COLOR=ff252525
[r]   0x7F * 0x4B (37.352941 / 90): COLOR=ff252525
[r]   0x7F * 0x4C (37.850980 / 217): COLOR=ff262626
[r]   0x7F * 0x4D (38.349020 / 89): COLOR=ff262626
[r]   0x7F * 0x4E (38.847059 / 216): COLOR=ff272727
[r]   0x7F * 0x4F (39.345098 / 88): COLOR=ff272727
[r]   0x7F * 0x50 (39.843137 / 215): COLOR=ff282828
[r]   0x7F * 0x51 (40.341176 / 87): COLOR=ff282828
[r]   0x7F * 0x52 (40.839216 / 214): COLOR=ff292929
[r]   0x7F * 0x53 (41.337255 / 86): COLOR=ff292929
[r]   0x7F * 0x54 (41.835294 / 213): COLOR=ff2a2a2a
[r]   0x7F * 0x55 (42.333333 / 85): COLOR=ff2a2a2a
[r]   0x7F * 0x56 (42.831373 / 212): COLOR=ff2b2b2b
[r]   0x7F * 0x57 (43.329412 / 84): COLOR=ff2b2b2b
[r]   0x7F * 0x58 (43.827451 / 211): COLOR=ff2c2c2c
[r]   0x7F * 0x59 (44.325490 / 83): COLOR=ff2c2c2c
[r]   0x7F * 0x5A (44.823529 / 210): COLOR=ff2d2d2d
[r]   0x7F * 0x5B (45.321569 / 82): COLOR=ff2d2d2d
[r]   0x7F * 0x5C (45.819608 / 209): COLOR=ff2e2e2e
[r]   0x7F * 0x5D (46.317647 / 81): COLOR=ff2e2e2e
[r]   0x7F * 0x5E (46.815686 / 208): COLOR=ff2f2f2f
[r]   0x7F * 0x5F (47.313725 / 80): COLOR=ff2f2f2f
[r]   0x7F * 0x60 (47.811765 / 207): COLOR=ff303030
[r]   0x7F * 0x61 (48.309804 / 79): COLOR=ff303030
[r]   0x7F * 0x62 (48.807843 / 206): COLOR=ff313131
[r]   0x7F * 0x63 (49.305882 / 78): COLOR=ff313131
[r]   0x7F * 0x64 (49.803922 / 205): COLOR=ff323232
[r]   0x7F * 0x65 (50.301961 / 77): COLOR=ff323232
[r]   0x7F * 0x66 (50.800000 / 204): COLOR=ff333333
[r]   0x7F * 0x67 (51.298039 / 76): COLOR=ff333333
[r]   0x7F * 0x68 (51.796078 / 203): COLOR=ff343434
[r]   0x7F * 0x69 (52.294118 / 75): COLOR=ff343434
[r]   0x7F * 0x6A (52.792157 / 202): COLOR=ff353535
[r]   0x7F * 0x6B (53.290196 / 74): COLOR=ff353535
[r]   0x7F * 0x6C (53.788235 / 201): COLOR=ff363636
[r]   0x7F * 0x6D (54.286275 / 73): COLOR=ff363636
[r]   0x7F * 0x6E (54.784314 / 200): COLOR=ff373737
[r]   0x7F * 0x6F (55.282353 / 72): COLOR=ff373737
[r]   0x7F * 0x70 (55.780392 / 199): COLOR=ff383838
[r]   0x7F * 0x71 (56.278431 / 71): COLOR=ff383838
[r]   0x7F * 0x72 (56.776471 / 198): COLOR=ff393939
[r]   0x7F * 0x73 (57.274510 / 70): COLOR=ff393939
[r]   0x7F * 0x74 (57.772549 / 197): COLOR=ff3a3a3a
[r]   0x7F * 0x75 (58.270588 / 69): COLOR=ff3a3a3a
[r]   0x7F * 0x76 (58.768627 / 196): COLOR=ff3b3b3b
[r]   0x7F * 0x77 (59.266667 / 68): COLOR=ff3b3b3b
[r]   0x7F * 0x78 (59.764706 / 195): COLOR=ff3c3c3c
[r]   0x7F * 0x79 (60.262745 / 67): COLOR=ff3c3c3c
[r]   0x7F * 0x7A (60.760784 / 194): COLOR=ff3d3d3d
[r]   0x7F * 0x7B (61.258824 / 66): COLOR=ff3d3d3d
[r]   0x7F * 0x7C (61.756863 / 193): COLOR=ff3e3e3e
[r]   0x7F * 0x7D (62.254902 / 65): COLOR=ff3e3e3e
[r]   0x7F * 0x7E (62.752941 / 192): COLOR=ff3f3f3f
[r]   0x7F * 0x7F (63.250980 / 64): COLOR=ff3f3f3f
[r]   0x7F * 0x80 (63.749020 / 191): COLOR=ff404040
[r]   0x7F * 0x81 (64.247059 / 63): COLOR=ff404040
[r]   0x7F * 0x82 (64.745098 / 190): COLOR=ff414141
[r]   0x7F * 0x83 (65.243137 / 62): COLOR=ff414141
[r]   0x7F * 0x84 (65.741176 / 189): COLOR=ff424242
[r]   0x7F * 0x85 (66.239216 / 61): COLOR=ff424242
[r]   0x7F * 0x86 (66.737255 / 188): COLOR=ff434343
[r]   0x7F * 0x87 (67.235294 / 60): COLOR=ff434343
[r]   0x7F * 0x88 (67.733333 / 187): COLOR=ff444444
[r]   0x7F * 0x89 (68.231373 / 59): COLOR=ff444444
[r]   0x7F * 0x8A (68.729412 / 186): COLOR=ff454545
[r]   0x7F * 0x8B (69.227451 / 58): COLOR=ff454545
[r]   0x7F * 0x8C (69.725490 / 185): COLOR=ff464646
[r]   0x7F * 0x8D (70.223529 / 57): COLOR=ff464646
[r]   0x7F * 0x8E (70.721569 / 184): COLOR=ff474747
[r]   0x7F * 0x8F (71.219608 / 56): COLOR=ff474747
[r]   0x7F * 0x90 (71.717647 / 183): COLOR=ff484848
[r]   0x7F * 0x91 (72.215686 / 55): COLOR=ff484848
[r]   0x7F * 0x92 (72.713725 / 182): COLOR=ff494949
[r]   0x7F * 0x93 (73.211765 / 54): COLOR=ff494949
[r]   0x7F * 0x94 (73.709804 / 181): COLOR=ff4a4a4a
[r]   0x7F * 0x95 (74.207843 / 53): COLOR=ff4a4a4a
[r]   0x7F * 0x96 (74.705882 / 180): COLOR=ff4b4b4b
[r]   0x7F * 0x97 (75.203922 / 52): COLOR=ff4b4b4b
[r]   0x7F * 0x98 (75.701961 / 179): COLOR=ff4c4c4c
[r]   0x7F * 0x99 (76.200000 / 51): COLOR=ff4c4c4c
[r]   0x7F * 0x9A (76.698039 / 178): COLOR=ff4d4d4d
[r]   0x7F * 0x9B (77.196078 / 50): COLOR=ff4d4d4d
[r]   0x7F * 0x9C (77.694118 / 177): COLOR=ff4e4e4e
[r]   0x7F * 0x9D (78.192157 / 49): COLOR=ff4e4e4e
[r]   0x7F * 0x9E (78.690196 / 176): COLOR=ff4f4f4f
[r]   0x7F * 0x9F (79.188235 / 48): COLOR=ff4f4f4f
[r]   0x7F * 0xA0 (79.686275 / 175): COLOR=ff505050
[r]   0x7F * 0xA1 (80.184314 / 47): COLOR=ff505050
[r]   0x7F * 0xA2 (80.682353 / 174): COLOR=ff515151
[r]   0x7F * 0xA3 (81.180392 / 46): COLOR=ff515151
[r]   0x7F * 0xA4 (81.678431 / 173): COLOR=ff525252
[r]   0x7F * 0xA5 (82.176471 / 45): COLOR=ff525252
[r]   0x7F * 0xA6 (82.674510 / 172): COLOR=ff535353
[r]   0x7F * 0xA7 (83.172549 / 44): COLOR=ff535353
[r]   0x7F * 0xA8 (83.670588 / 171): COLOR=ff545454
[r]   0x7F * 0xA9 (84.168627 / 43): COLOR=ff545454
[r]   0x7F * 0xAA (84.666667 / 170): COLOR=ff555555
[r]   0x7F * 0xAB (85.164706 / 42): COLOR=ff555555
[r]   0x7F * 0xAC (85.662745 / 169): COLOR=ff565656
[r]   0x7F * 0xAD (86.160784 / 41): COLOR=ff565656
[r]   0x7F * 0xAE (86.658824 / 168): COLOR=ff575757
[r]   0x7F * 0xAF (87.156863 / 40): COLOR=ff575757
[r]   0x7F * 0xB0 (87.654902 / 167): COLOR=ff585858
[r]   0x7F * 0xB1 (88.152941 / 39): COLOR=ff585858
[r]   0x7F * 0xB2 (88.650980 / 166): COLOR=ff595959
[r]   0x7F * 0xB3 (89.149020 / 38): COLOR=ff595959
[r]   0x7F * 0xB4 (89.647059 / 165): COLOR=ff5a5a5a
[r]   0x7F * 0xB5 (90.145098 / 37): COLOR=ff5a5a5a
[r]   0x7F * 0xB6 (90.643137 / 164): COLOR=ff5b5b5b
[r]   0x7F * 0xB7 (91.141176 / 36): COLOR=ff5b5b5b
[r]   0x7F * 0xB8 (91.639216 / 163): COLOR=ff5c5c5c
[r]   0x7F * 0xB9 (92.137255 / 35): COLOR=ff5c5c5c
[r]   0x7F * 0xBA (92.635294 / 162): COLOR=ff5d5d5d
[r]   0x7F * 0xBB (93.133333 / 34): COLOR=ff5d5d5d
[r]   0x7F * 0xBC (93.631373 / 161): COLOR=ff5e5e5e
[r]   0x7F * 0xBD (94.129412 / 33): COLOR=ff5e5e5e
[r]   0x7F * 0xBE (94.627451 / 160): COLOR=ff5f5f5f
[r]   0x7F * 0xBF (95.125490 / 32): COLOR=ff5f5f5f
[r]   0x7F * 0xC0 (95.623529 / 159): COLOR=ff606060
[r]   0x7F * 0xC1 (96.121569 / 31): COLOR=ff606060
[r]   0x7F * 0xC2 (96.619608 / 158): COLOR=ff616161
[r]   0x7F * 0xC3 (97.117647 / 30): COLOR=ff616161
[r]   0x7F * 0xC4 (97.615686 / 157): COLOR=ff626262
[r]   0x7F * 0xC5 (98.113725 / 29): COLOR=ff626262
[r]   0x7F * 0xC6 (98.611765 / 156): COLOR=ff636363
[r]   0x7F * 0xC7 (99.109804 / 28): COLOR=ff636363
[r]   0x7F * 0xC8 (99.607843 / 155): COLOR=ff646464
[r]   0x7F * 0xC9 (100.105882 / 27): COLOR=ff646464
[r]   0x7F * 0xCA (100.603922 / 154): COLOR=ff656565
[r]   0x7F * 0xCB (101.101961 / 26): COLOR=ff656565
[r]   0x7F * 0xCC (101.600000 / 153): COLOR=ff666666
[r]   0x7F * 0xCD (102.098039 / 25): COLOR=ff666666
[r]   0x7F * 0xCE (102.596078 / 152): COLOR=ff676767
[r]   0x7F * 0xCF (103.094118 / 24): COLOR=ff676767
[r]   0x7F * 0xD0 (103.592157 / 151): COLOR=ff686868
[r]   0x7F * 0xD1 (104.090196 / 23): COLOR=ff686868
[r]   0x7F * 0xD2 (104.588235 / 150): COLOR=ff696969
[r]   0x7F * 0xD3 (105.086275 / 22): COLOR=ff696969
[r]   0x7F * 0xD4 (105.584314 / 149): COLOR=ff6a6a6a
[r]   0x7F * 0xD5 (106.082353 / 21): COLOR=ff6a6a6a
[r]   0x7F * 0xD6 (106.580392 / 148): COLOR=ff6b6b6b
[r]   0x7F * 0xD7 (107.078431 / 20): COLOR=ff6b6b6b
[r]   0x7F * 0xD8 (107.576471 / 147): COLOR=ff6c6c6c
[r]   0x7F * 0xD9 (108.074510 / 19): COLOR=ff6c6c6c
[r]   0x7F * 0xDA (108.572549 / 146): COLOR=ff6d6d6d
[r]   0x7F * 0xDB (109.070588 / 18): COLOR=ff6d6d6d
[r]   0x7F * 0xDC (109.568627 / 145): COLOR=ff6e6e6e
[r]   0x7F * 0xDD (110.066667 / 17): COLOR=ff6e6e6e
[r]   0x7F * 0xDE (110.564706 / 144): COLOR=ff6f6f6f
[r]   0x7F * 0xDF (111.062745 / 16): COLOR=ff6f6f6f
[r]   0x7F * 0xE0 (111.560784 / 143): COLOR=ff707070
[r]   0x7F * 0xE1 (112.058824 / 15): COLOR=ff707070
[r]   0x7F * 0xE2 (112.556863 / 142): COLOR=ff717171
[r]   0x7F * 0xE3 (113.054902 / 14): COLOR=ff717171
[r]   0x7F * 0xE4 (113.552941 / 141): COLOR=ff727272
[r]   0x7F * 0xE5 (114.050980 / 13): COLOR=ff727272
[r]   0x7F * 0xE6 (114.549020 / 140): COLOR=ff737373
[r]   0x7F * 0xE7 (115.047059 / 12): COLOR=ff737373
[r]   0x7F * 0xE8 (115.545098 / 139): COLOR=ff747474
[r]   0x7F * 0xE9 (116.043137 / 11): COLOR=ff747474
[r]   0x7F * 0xEA (116.541176 / 138): COLOR=ff757575
[r]   0x7F * 0xEB (117.039216 / 10): COLOR=ff757575
[r]   0x7F * 0xEC (117.537255 / 137): COLOR=ff767676
[r]   0x7F * 0xED (118.035294 / 9): COLOR=ff767676
[r]   0x7F * 0xEE (118.533333 / 136): COLOR=ff777777
[r]   0x7F * 0xEF (119.031373 / 8): COLOR=ff777777
[r]   0x7F * 0xF0 (119.529412 / 135): COLOR=ff787878
[r]   0x7F * 0xF1 (120.027451 / 7): COLOR=ff787878
[r]   0x7F * 0xF2 (120.525490 / 134): COLOR=ff797979
[r]   0x7F * 0xF3 (121.023529 / 6): COLOR=ff797979
[r]   0x7F * 0xF4 (121.521569 / 133): COLOR=ff7a7a7a
[r]   0x7F * 0xF5 (122.019608 / 5): COLOR=ff7a7a7a
[r]   0x7F * 0xF6 (122.517647 / 132): COLOR=ff7b7b7b
[r]   0x7F * 0xF7 (123.015686 / 4): COLOR=ff7b7b7b
[r]   0x7F * 0xF8 (123.513725 / 131): COLOR=ff7c7c7c
[r]   0x7F * 0xF9 (124.011765 / 3): COLOR=ff7c7c7c
[r]   0x7F * 0xFA (124.509804 / 130): COLOR=ff7d7d7d
[r]   0x7F * 0xFB (125.007843 / 2): COLOR=ff7d7d7d
[r]   0x7F * 0xFC (125.505882 / 129): COLOR=ff7e7e7e
[r]   0x7F * 0xFD (126.003922 / 1): COLOR=ff7e7e7e
[r]   0x7F * 0xFE (126.501961 / 128): COLOR=ff7f7f7f
[r]   0x7F * 0xFF (127.000000 / 0): COLOR=ff7f7f7f
