[x] Initial: COLOR=44444444

[x] Common:
[r]   One * One: COLOR=44ffffff
[r]   One * Zero: COLOR=44000000
[r]   Zero * One: COLOR=44000000
[r]   Half * Half: COLOR=443f3f3f
[r]   7F + 3F: COLOR=441f1f1f
[r]   7F + 3F (RGB): COLOR=441f1f1f

[x] Doubling:
[r]   Half x2 * Half: COLOR=447f7f7f
[r]   One x2 * Half: COLOR=44ffffff
[r]   Half x2 * One: COLOR=44fefefe
[r]   Quarter x2 * Half: COLOR=443f3f3f

[x] Alpha:
[r]   Half * Half (alpha): COLOR=ff3f3f3f
[r]   Half x2 * Half (alpha): COLOR=ff3f3f3f
[r]   RGB func only: COLOR=ff7f7f7f
[r]   RGB func only + double: COLOR=ff7f7f7f

[x] Rounding:
[r]   0x7F * 0x00 (0.000000 / 0): COLOR=447f0000
[r]   0x7F * 0x01 (0.498039 / 127): COLOR=447f0000
[r]   0x7F * 0x02 (0.996078 / 254): COLOR=447f0101
[r]   0x7F * 0x03 (1.494118 / 126): COLOR=447f0101
[r]   0x7F * 0x04 (1.992157 / 253): COLOR=447f0202
[r]   0x7F * 0x05 (2.490196 / 125): COLOR=447f0202
[r]   0x7F * 0x06 (2.988235 / 252): COLOR=447f0303
[r]   0x7F * 0x07 (3.486275 / 124): COLOR=447f0303
[r]   0x7F * 0x08 (3.984314 / 251): COLOR=447f0404
[r]   0x7F * 0x09 (4.482353 / 123): COLOR=447f0404
[r]   0x7F * 0x0A (4.980392 / 250): COLOR=447f0505
[r]   0x7F * 0x0B (5.478431 / 122): COLOR=447f0505
[r]   0x7F * 0x0C (5.976471 / 249): COLOR=447f0606
[r]   0x7F * 0x0D (6.474510 / 121): COLOR=447f0606
[r]   0x7F * 0x0E (6.972549 / 248): COLOR=447f0707
[r]   0x7F * 0x0F (7.470588 / 120): COLOR=447f0707
[r]   0x7F * 0x10 (7.968627 / 247): COLOR=447f0808
[r]   0x7F * 0x11 (8.466667 / 119): COLOR=447f0808
[r]   0x7F * 0x12 (8.964706 / 246): COLOR=447f0909
[r]   0x7F * 0x13 (9.462745 / 118): COLOR=447f0909
[r]   0x7F * 0x14 (9.960784 / 245): COLOR=447f0a0a
[r]   0x7F * 0x15 (10.458824 / 117): COLOR=447f0a0a
[r]   0x7F * 0x16 (10.956863 / 244): COLOR=447f0b0b
[r]   0x7F * 0x17 (11.454902 / 116): COLOR=447f0b0b
[r]   0x7F * 0x18 (11.952941 / 243): COLOR=447f0c0c
[r]   0x7F * 0x19 (12.450980 / 115): COLOR=447f0c0c
[r]   0x7F * 0x1A (12.949020 / 242): COLOR=447f0d0d
[r]   0x7F * 0x1B (13.447059 / 114): COLOR=447f0d0d
[r]   0x7F * 0x1C (13.945098 / 241): COLOR=447f0e0e
[r]   0x7F * 0x1D (14.443137 / 113): COLOR=447f0e0e
[r]   0x7F * 0x1E (14.941176 / 240): COLOR=447f0f0f
[r]   0x7F * 0x1F (15.439216 / 112): COLOR=447f0f0f
[r]   0x7F * 0x20 (15.937255 / 239): COLOR=447f1010
[r]   0x7F * 0x21 (16.435294 / 111): COLOR=447f1010
[r]   0x7F * 0x22 (16.933333 / 238): COLOR=447f1111
[r]   0x7F * 0x23 (17.431373 / 110): COLOR=447f1111
[r]   0x7F * 0x24 (17.929412 / 237): COLOR=447f1212
[r]   0x7F * 0x25 (18.427451 / 109): COLOR=447f1212
[r]   0x7F * 0x26 (18.925490 / 236): COLOR=447f1313
[r]   0x7F * 0x27 (19.423529 / 108): COLOR=447f1313
[r]   0x7F * 0x28 (19.921569 / 235): COLOR=447f1414
[r]   0x7F * 0x29 (20.419608 / 107): COLOR=447f1414
[r]   0x7F * 0x2A (20.917647 / 234): COLOR=447f1515
[r]   0x7F * 0x2B (21.415686 / 106): COLOR=447f1515
[r]   0x7F * 0x2C (21.913725 / 233): COLOR=447f1616
[r]   0x7F * 0x2D (22.411765 / 105): COLOR=447f1616
[r]   0x7F * 0x2E (22.909804 / 232): COLOR=447f1717
[r]   0x7F * 0x2F (23.407843 / 104): COLOR=447f1717
[r]   0x7F * 0x30 (23.905882 / 231): COLOR=447f1818
[r]   0x7F * 0x31 (24.403922 / 103): COLOR=447f1818
[r]   0x7F * 0x32 (24.901961 / 230): COLOR=447f1919
[r]   0x7F * 0x33 (25.400000 / 102): COLOR=447f1919
[r]   0x7F * 0x34 (25.898039 / 229): COLOR=447f1a1a
[r]   0x7F * 0x35 (26.396078 / 101): COLOR=447f1a1a
[r]   0x7F * 0x36 (26.894118 / 228): COLOR=447f1b1b
[r]   0x7F * 0x37 (27.392157 / 100): COLOR=447f1b1b
[r]   0x7F * 0x38 (27.890196 / 227): COLOR=447f1c1c
[r]   0x7F * 0x39 (28.388235 / 99): COLOR=447f1c1c
[r]   0x7F * 0x3A (28.886275 / 226): COLOR=447f1d1d
[r]   0x7F * 0x3B (29.384314 / 98): COLOR=447f1d1d
[r]   0x7F * 0x3C (29.882353 / 225): COLOR=447f1e1e
[r]   0x7F * 0x3D (30.380392 / 97): COLOR=447f1e1e
[r]   0x7F * 0x3E (30.878431 / 224): COLOR=447f1f1f
[r]   0x7F * 0x3F (31.376471 / 96): COLOR=447f1f1f
[r]   0x7F * 0x40 (31.874510 / 223): COLOR=447f2020
[r]   0x7F * 0x41 (32.372549 / 95): COLOR=447f2020
[r]   0x7F * 0x42 (32.870588 / 222): COLOR=447f2121
[r]   0x7F * 0x43 (33.368627 / 94): COLOR=447f2121
[r]   0x7F * 0x44 (33.866667 / 221): COLOR=447f2222
[r]   0x7F * 0x45 (34.364706 / 93): COLOR=447f2222
[r]   0x7F * 0x46 (34.862745 / 220): COLOR=447f2323
[r]   0x7F * 0x47 (35.360784 / 92): COLOR=447f2323
[r]   0x7F * 0x48 (35.858824 / 219): COLOR=447f2424
[r]   0x7F * 0x49 (36.356863 / 91): COLOR=447f2424
[r]   0x7F * 0x4A (36.854902 / 218): COLOR=447f2525
[r]   0x7F * 0x4B (37.352941 / 90): COLOR=447f2525
[r]   0x7F * 0x4C (37.850980 / 217): COLOR=447f2626
[r]   0x7F * 0x4D (38.349020 / 89): COLOR=447f2626
[r]   0x7F * 0x4E (38.847059 / 216): COLOR=447f2727
[r]   0x7F * 0x4F (39.345098 / 88): COLOR=447f2727
[r]   0x7F * 0x50 (39.843137 / 215): COLOR=447f2828
[r]   0x7F * 0x51 (40.341176 / 87): COLOR=447f2828
[r]   0x7F * 0x52 (40.839216 / 214): COLOR=447f2929
[r]   0x7F * 0x53 (41.337255 / 86): COLOR=447f2929
[r]   0x7F * 0x54 (41.835294 / 213): COLOR=447f2a2a
[r]   0x7F * 0x55 (42.333333 / 85): COLOR=447f2a2a
[r]   0x7F * 0x56 (42.831373 / 212): COLOR=447f2b2b
[r]   0x7F * 0x57 (43.329412 / 84): COLOR=447f2b2b
[r]   0x7F * 0x58 (43.827451 / 211): COLOR=447f2c2c
[r]   0x7F * 0x59 (44.325490 / 83): COLOR=447f2c2c
[r]   0x7F * 0x5A (44.823529 / 210): COLOR=447f2d2d
[r]   0x7F * 0x5B (45.321569 / 82): COLOR=447f2d2d
[r]   0x7F * 0x5C (45.819608 / 209): COLOR=447f2e2e
[r]   0x7F * 0x5D (46.317647 / 81): COLOR=447f2e2e
[r]   0x7F * 0x5E (46.815686 / 208): COLOR=447f2f2f
[r]   0x7F * 0x5F (47.313725 / 80): COLOR=447f2f2f
[r]   0x7F * 0x60 (47.811765 / 207): COLOR=447f3030
[r]   0x7F * 0x61 (48.309804 / 79): COLOR=447f3030
[r]   0x7F * 0x62 (48.807843 / 206): COLOR=447f3131
[r]   0x7F * 0x63 (49.305882 / 78): COLOR=447f3131
[r]   0x7F * 0x64 (49.803922 / 205): COLOR=447f3232
[r]   0x7F * 0x65 (50.301961 / 77): COLOR=447f3232
[r]   0x7F * 0x66 (50.800000 / 204): COLOR=447f3333
[r]   0x7F * 0x67 (51.298039 / 76): COLOR=447f3333
[r]   0x7F * 0x68 (51.796078 / 203): COLOR=447f3434
[r]   0x7F * 0x69 (52.294118 / 75): COLOR=447f3434
[r]   0x7F * 0x6A (52.792157 / 202): COLOR=447f3535
[r]   0x7F * 0x6B (53.290196 / 74): COLOR=447f3535
[r]   0x7F * 0x6C (53.788235 / 201): COLOR=447f3636
[r]   0x7F * 0x6D (54.286275 / 73): COLOR=447f3636
[r]   0x7F * 0x6E (54.784314 / 200): COLOR=447f3737
[r]   0x7F * 0x6F (55.282353 / 72): COLOR=447f3737
[r]   0x7F * 0x70 (55.780392 / 199): COLOR=447f3838
[r]   0x7F * 0x71 (56.278431 / 71): COLOR=447f3838
[r]   0x7F * 0x72 (56.776471 / 198): COLOR=447f3939
[r]   0x7F * 0x73 (57.274510 / 70): COLOR=447f3939
[r]   0x7F * 0x74 (57.772549 / 197): COLOR=447f3a3a
[r]   0x7F * 0x75 (58.270588 / 69): COLOR=447f3a3a
[r]   0x7F * 0x76 (58.768627 / 196): COLOR=447f3b3b
[r]   0x7F * 0x77 (59.266667 / 68): COLOR=447f3b3b
[r]   0x7F * 0x78 (59.764706 / 195): COLOR=447f3c3c
[r]   0x7F * 0x79 (60.262745 / 67): COLOR=447f3c3c
[r]   0x7F * 0x7A (60.760784 / 194): COLOR=447f3d3d
[r]   0x7F * 0x7B (61.258824 / 66): COLOR=447f3d3d
[r]   0x7F * 0x7C (61.756863 / 193): COLOR=447f3e3e
[r]   0x7F * 0x7D (62.254902 / 65): COLOR=447f3e3e
[r]   0x7F * 0x7E (62.752941 / 192): COLOR=447f3f3f
[r]   0x7F * 0x7F (63.250980 / 64): COLOR=447f3f3f
[r]   0x7F * 0x80 (63.749020 / 191): COLOR=447f4040
[r]   0x7F * 0x81 (64.247059 / 63): COLOR=447f4040
[r]   0x7F * 0x82 (64.745098 / 190): COLOR=447f4141
[r]   0x7F * 0x83 (65.243137 / 62): COLOR=447f4141
[r]   0x7F * 0x84 (65.741176 / 189): COLOR=447f4242
[r]   0x7F * 0x85 (66.239216 / 61): COLOR=447f4242
[r]   0x7F * 0x86 (66.737255 / 188): COLOR=447f4343
[r]   0x7F * 0x87 (67.235294 / 60): COLOR=447f4343
[r]   0x7F * 0x88 (67.733333 / 187): COLOR=447f4444
[r]   0x7F * 0x89 (68.231373 / 59): COLOR=447f4444
[r]   0x7F * 0x8A (68.729412 / 186): COLOR=447f4545
[r]   0x7F * 0x8B (69.227451 / 58): COLOR=447f4545
[r]   0x7F * 0x8C (69.725490 / 185): COLOR=447f4646
[r]   0x7F * 0x8D (70.223529 / 57): COLOR=447f4646
[r]   0x7F * 0x8E (70.721569 / 184): COLOR=447f4747
[r]   0x7F * 0x8F (71.219608 / 56): COLOR=447f4747
[r]   0x7F * 0x90 (71.717647 / 183): COLOR=447f4848
[r]   0x7F * 0x91 (72.215686 / 55): COLOR=447f4848
[r]   0x7F * 0x92 (72.713725 / 182): COLOR=447f4949
[r]   0x7F * 0x93 (73.211765 / 54): COLOR=447f4949
[r]   0x7F * 0x94 (73.709804 / 181): COLOR=447f4a4a
[r]   0x7F * 0x95 (74.207843 / 53): COLOR=447f4a4a
[r]   0x7F * 0x96 (74.705882 / 180): COLOR=447f4b4b
[r]   0x7F * 0x97 (75.203922 / 52): COLOR=447f4b4b
[r]   0x7F * 0x98 (75.701961 / 179): COLOR=447f4c4c
[r]   0x7F * 0x99 (76.200000 / 51): COLOR=447f4c4c
[r]   0x7F * 0x9A (76.698039 / 178): COLOR=447f4d4d
[r]   0x7F * 0x9B (77.196078 / 50): COLOR=447f4d4d
[r]   0x7F * 0x9C (77.694118 / 177): COLOR=447f4e4e
[r]   0x7F * 0x9D (78.192157 / 49): COLOR=447f4e4e
[r]   0x7F * 0x9E (78.690196 / 176): COLOR=447f4f4f
[r]   0x7F * 0x9F (79.188235 / 48): COLOR=447f4f4f
[r]   0x7F * 0xA0 (79.686275 / 175): COLOR=447f5050
[r]   0x7F * 0xA1 (80.184314 / 47): COLOR=447f5050
[r]   0x7F * 0xA2 (80.682353 / 174): COLOR=447f5151
[r]   0x7F * 0xA3 (81.180392 / 46): COLOR=447f5151
[r]   0x7F * 0xA4 (81.678431 / 173): COLOR=447f5252
[r]   0x7F * 0xA5 (82.176471 / 45): COLOR=447f5252
[r]   0x7F * 0xA6 (82.674510 / 172): COLOR=447f5353
[r]   0x7F * 0xA7 (83.172549 / 44): COLOR=447f5353
[r]   0x7F * 0xA8 (83.670588 / 171): COLOR=447f5454
[r]   0x7F * 0xA9 (84.168627 / 43): COLOR=447f5454
[r]   0x7F * 0xAA (84.666667 / 170): COLOR=447f5555
[r]   0x7F * 0xAB (85.164706 / 42): COLOR=447f5555
[r]   0x7F * 0xAC (85.662745 / 169): COLOR=447f5656
[r]   0x7F * 0xAD (86.160784 / 41): COLOR=447f5656
[r]   0x7F * 0xAE (86.658824 / 168): COLOR=447f5757
[r]   0x7F * 0xAF (87.156863 / 40): COLOR=447f5757
[r]   0x7F * 0xB0 (87.654902 / 167): COLOR=447f5858
[r]   0x7F * 0xB1 (88.152941 / 39): COLOR=447f5858
[r]   0x7F * 0xB2 (88.650980 / 166): COLOR=447f5959
[r]   0x7F * 0xB3 (89.149020 / 38): COLOR=447f5959
[r]   0x7F * 0xB4 (89.647059 / 165): COLOR=447f5a5a
[r]   0x7F * 0xB5 (90.145098 / 37): COLOR=447f5a5a
[r]   0x7F * 0xB6 (90.643137 / 164): COLOR=447f5b5b
[r]   0x7F * 0xB7 (91.141176 / 36): COLOR=447f5b5b
[r]   0x7F * 0xB8 (91.639216 / 163): COLOR=447f5c5c
[r]   0x7F * 0xB9 (92.137255 / 35): COLOR=447f5c5c
[r]   0x7F * 0xBA (92.635294 / 162): COLOR=447f5d5d
[r]   0x7F * 0xBB (93.133333 / 34): COLOR=447f5d5d
[r]   0x7F * 0xBC (93.631373 / 161): COLOR=447f5e5e
[r]   0x7F * 0xBD (94.129412 / 33): COLOR=447f5e5e
[r]   0x7F * 0xBE (94.627451 / 160): COLOR=447f5f5f
[r]   0x7F * 0xBF (95.125490 / 32): COLOR=447f5f5f
[r]   0x7F * 0xC0 (95.623529 / 159): COLOR=447f6060
[r]   0x7F * 0xC1 (96.121569 / 31): COLOR=447f6060
[r]   0x7F * 0xC2 (96.619608 / 158): COLOR=447f6161
[r]   0x7F * 0xC3 (97.117647 / 30): COLOR=447f6161
[r]   0x7F * 0xC4 (97.615686 / 157): COLOR=447f6262
[r]   0x7F * 0xC5 (98.113725 / 29): COLOR=447f6262
[r]   0x7F * 0xC6 (98.611765 / 156): COLOR=447f6363
[r]   0x7F * 0xC7 (99.109804 / 28): COLOR=447f6363
[r]   0x7F * 0xC8 (99.607843 / 155): COLOR=447f6464
[r]   0x7F * 0xC9 (100.105882 / 27): COLOR=447f6464
[r]   0x7F * 0xCA (100.603922 / 154): COLOR=447f6565
[r]   0x7F * 0xCB (101.101961 / 26): COLOR=447f6565
[r]   0x7F * 0xCC (101.600000 / 153): COLOR=447f6666
[r]   0x7F * 0xCD (102.098039 / 25): COLOR=447f6666
[r]   0x7F * 0xCE (102.596078 / 152): COLOR=447f6767
[r]   0x7F * 0xCF (103.094118 / 24): COLOR=447f6767
[r]   0x7F * 0xD0 (103.592157 / 151): COLOR=447f6868
[r]   0x7F * 0xD1 (104.090196 / 23): COLOR=447f6868
[r]   0x7F * 0xD2 (104.588235 / 150): COLOR=447f6969
[r]   0x7F * 0xD3 (105.086275 / 22): COLOR=447f6969
[r]   0x7F * 0xD4 (105.584314 / 149): COLOR=447f6a6a
[r]   0x7F * 0xD5 (106.082353 / 21): COLOR=447f6a6a
[r]   0x7F * 0xD6 (106.580392 / 148): COLOR=447f6b6b
[r]   0x7F * 0xD7 (107.078431 / 20): COLOR=447f6b6b
[r]   0x7F * 0xD8 (107.576471 / 147): COLOR=447f6c6c
[r]   0x7F * 0xD9 (108.074510 / 19): COLOR=447f6c6c
[r]   0x7F * 0xDA (108.572549 / 146): COLOR=447f6d6d
[r]   0x7F * 0xDB (109.070588 / 18): COLOR=447f6d6d
[r]   0x7F * 0xDC (109.568627 / 145): COLOR=447f6e6e
[r]   0x7F * 0xDD (110.066667 / 17): COLOR=447f6e6e
[r]   0x7F * 0xDE (110.564706 / 144): COLOR=447f6f6f
[r]   0x7F * 0xDF (111.062745 / 16): COLOR=447f6f6f
[r]   0x7F * 0xE0 (111.560784 / 143): COLOR=447f7070
[r]   0x7F * 0xE1 (112.058824 / 15): COLOR=447f7070
[r]   0x7F * 0xE2 (112.556863 / 142): COLOR=447f7171
[r]   0x7F * 0xE3 (113.054902 / 14): COLOR=447f7171
[r]   0x7F * 0xE4 (113.552941 / 141): COLOR=447f7272
[r]   0x7F * 0xE5 (114.050980 / 13): COLOR=447f7272
[r]   0x7F * 0xE6 (114.549020 / 140): COLOR=447f7373
[r]   0x7F * 0xE7 (115.047059 / 12): COLOR=447f7373
[r]   0x7F * 0xE8 (115.545098 / 139): COLOR=447f7474
[r]   0x7F * 0xE9 (116.043137 / 11): COLOR=447f7474
[r]   0x7F * 0xEA (116.541176 / 138): COLOR=447f7575
[r]   0x7F * 0xEB (117.039216 / 10): COLOR=447f7575
[r]   0x7F * 0xEC (117.537255 / 137): COLOR=447f7676
[r]   0x7F * 0xED (118.035294 / 9): COLOR=447f7676
[r]   0x7F * 0xEE (118.533333 / 136): COLOR=447f7777
[r]   0x7F * 0xEF (119.031373 / 8): COLOR=447f7777
[r]   0x7F * 0xF0 (119.529412 / 135): COLOR=447f7878
[r]   0x7F * 0xF1 (120.027451 / 7): COLOR=447f7878
[r]   0x7F * 0xF2 (120.525490 / 134): COLOR=447f7979
[r]   0x7F * 0xF3 (121.023529 / 6): COLOR=447f7979
[r]   0x7F * 0xF4 (121.521569 / 133): COLOR=447f7a7a
[r]   0x7F * 0xF5 (122.019608 / 5): COLOR=447f7a7a
[r]   0x7F * 0xF6 (122.517647 / 132): COLOR=447f7b7b
[r]   0x7F * 0xF7 (123.015686 / 4): COLOR=447f7b7b
[r]   0x7F * 0xF8 (123.513725 / 131): COLOR=447f7c7c
[r]   0x7F * 0xF9 (124.011765 / 3): COLOR=447f7c7c
[r]   0x7F * 0xFA (124.509804 / 130): COLOR=447f7d7d
[r]   0x7F * 0xFB (125.007843 / 2): COLOR=447f7d7d
[r]   0x7F * 0xFC (125.505882 / 129): COLOR=447f7e7e
[r]   0x7F * 0xFD (126.003922 / 1): COLOR=447f7e7e
[r]   0x7F * 0xFE (126.501961 / 128): COLOR=447f7f7f
[r]   0x7F * 0xFF (127.000000 / 0): COLOR=447f7f7f
