[x] Initial: COLOR=44444444

[x] Common:
[r]   One + One: COLOR=44ffffff
[r]   One + Zero: COLOR=44ffffff
[r]   Zero + One: COLOR=44000000
[r]   Half + Half: COLOR=447f7f7f
[r]   7F + 3F: COLOR=447f7f7f
[r]   7F + 3F (RGB): COLOR=447f7f7f

[x] Doubling:
[r]   Half x2 + Half: COLOR=44fefefe
[r]   One x2 + Half: COLOR=44ffffff
[r]   Half x2 + One: COLOR=44fefefe
[r]   Quarter x2 + Half: COLOR=447e7e7e

[x] Alpha:
[r]   Half + Half (alpha): COLOR=ff7f7f7f
[r]   Half x2 + Half (alpha): COLOR=ff7f7f7f
[r]   RGB func only: COLOR=ff3f3f3f
[r]   RGB func only + double: COLOR=ff3f3f3f

[x] Rounding:
[r]   0x7F * 0x00 + Zero (0.000000 / 0): COLOR=44ff0000
[r]   0x7F * 0x01 + Zero (0.498039 / 127): COLOR=44ff0101
[r]   0x7F * 0x02 + Zero (0.996078 / 254): COLOR=44ff0202
[r]   0x7F * 0x03 + Zero (1.494118 / 126): COLOR=44ff0303
[r]   0x7F * 0x04 + Zero (1.992157 / 253): COLOR=44ff0404
[r]   0x7F * 0x05 + Zero (2.490196 / 125): COLOR=44ff0505
[r]   0x7F * 0x06 + Zero (2.988235 / 252): COLOR=44ff0606
[r]   0x7F * 0x07 + Zero (3.486275 / 124): COLOR=44ff0707
[r]   0x7F * 0x08 + Zero (3.984314 / 251): COLOR=44ff0808
[r]   0x7F * 0x09 + Zero (4.482353 / 123): COLOR=44ff0909
[r]   0x7F * 0x0A + Zero (4.980392 / 250): COLOR=44ff0a0a
[r]   0x7F * 0x0B + Zero (5.478431 / 122): COLOR=44ff0b0b
[r]   0x7F * 0x0C + Zero (5.976471 / 249): COLOR=44ff0c0c
[r]   0x7F * 0x0D + Zero (6.474510 / 121): COLOR=44ff0d0d
[r]   0x7F * 0x0E + Zero (6.972549 / 248): COLOR=44ff0e0e
[r]   0x7F * 0x0F + Zero (7.470588 / 120): COLOR=44ff0f0f
[r]   0x7F * 0x10 + Zero (7.968627 / 247): COLOR=44ff1010
[r]   0x7F * 0x11 + Zero (8.466667 / 119): COLOR=44ff1111
[r]   0x7F * 0x12 + Zero (8.964706 / 246): COLOR=44ff1212
[r]   0x7F * 0x13 + Zero (9.462745 / 118): COLOR=44ff1313
[r]   0x7F * 0x14 + Zero (9.960784 / 245): COLOR=44ff1414
[r]   0x7F * 0x15 + Zero (10.458824 / 117): COLOR=44ff1515
[r]   0x7F * 0x16 + Zero (10.956863 / 244): COLOR=44ff1616
[r]   0x7F * 0x17 + Zero (11.454902 / 116): COLOR=44ff1717
[r]   0x7F * 0x18 + Zero (11.952941 / 243): COLOR=44ff1818
[r]   0x7F * 0x19 + Zero (12.450980 / 115): COLOR=44ff1919
[r]   0x7F * 0x1A + Zero (12.949020 / 242): COLOR=44ff1a1a
[r]   0x7F * 0x1B + Zero (13.447059 / 114): COLOR=44ff1b1b
[r]   0x7F * 0x1C + Zero (13.945098 / 241): COLOR=44ff1c1c
[r]   0x7F * 0x1D + Zero (14.443137 / 113): COLOR=44ff1d1d
[r]   0x7F * 0x1E + Zero (14.941176 / 240): COLOR=44ff1e1e
[r]   0x7F * 0x1F + Zero (15.439216 / 112): COLOR=44ff1f1f
[r]   0x7F * 0x20 + Zero (15.937255 / 239): COLOR=44ff2020
[r]   0x7F * 0x21 + Zero (16.435294 / 111): COLOR=44ff2121
[r]   0x7F * 0x22 + Zero (16.933333 / 238): COLOR=44ff2222
[r]   0x7F * 0x23 + Zero (17.431373 / 110): COLOR=44ff2323
[r]   0x7F * 0x24 + Zero (17.929412 / 237): COLOR=44ff2424
[r]   0x7F * 0x25 + Zero (18.427451 / 109): COLOR=44ff2525
[r]   0x7F * 0x26 + Zero (18.925490 / 236): COLOR=44ff2626
[r]   0x7F * 0x27 + Zero (19.423529 / 108): COLOR=44ff2727
[r]   0x7F * 0x28 + Zero (19.921569 / 235): COLOR=44ff2828
[r]   0x7F * 0x29 + Zero (20.419608 / 107): COLOR=44ff2929
[r]   0x7F * 0x2A + Zero (20.917647 / 234): COLOR=44ff2a2a
[r]   0x7F * 0x2B + Zero (21.415686 / 106): COLOR=44ff2b2b
[r]   0x7F * 0x2C + Zero (21.913725 / 233): COLOR=44ff2c2c
[r]   0x7F * 0x2D + Zero (22.411765 / 105): COLOR=44ff2d2d
[r]   0x7F * 0x2E + Zero (22.909804 / 232): COLOR=44ff2e2e
[r]   0x7F * 0x2F + Zero (23.407843 / 104): COLOR=44ff2f2f
[r]   0x7F * 0x30 + Zero (23.905882 / 231): COLOR=44ff3030
[r]   0x7F * 0x31 + Zero (24.403922 / 103): COLOR=44ff3131
[r]   0x7F * 0x32 + Zero (24.901961 / 230): COLOR=44ff3232
[r]   0x7F * 0x33 + Zero (25.400000 / 102): COLOR=44ff3333
[r]   0x7F * 0x34 + Zero (25.898039 / 229): COLOR=44ff3434
[r]   0x7F * 0x35 + Zero (26.396078 / 101): COLOR=44ff3535
[r]   0x7F * 0x36 + Zero (26.894118 / 228): COLOR=44ff3636
[r]   0x7F * 0x37 + Zero (27.392157 / 100): COLOR=44ff3737
[r]   0x7F * 0x38 + Zero (27.890196 / 227): COLOR=44ff3838
[r]   0x7F * 0x39 + Zero (28.388235 / 99): COLOR=44ff3939
[r]   0x7F * 0x3A + Zero (28.886275 / 226): COLOR=44ff3a3a
[r]   0x7F * 0x3B + Zero (29.384314 / 98): COLOR=44ff3b3b
[r]   0x7F * 0x3C + Zero (29.882353 / 225): COLOR=44ff3c3c
[r]   0x7F * 0x3D + Zero (30.380392 / 97): COLOR=44ff3d3d
[r]   0x7F * 0x3E + Zero (30.878431 / 224): COLOR=44ff3e3e
[r]   0x7F * 0x3F + Zero (31.376471 / 96): COLOR=44ff3f3f
[r]   0x7F * 0x40 + Zero (31.874510 / 223): COLOR=44ff4040
[r]   0x7F * 0x41 + Zero (32.372549 / 95): COLOR=44ff4141
[r]   0x7F * 0x42 + Zero (32.870588 / 222): COLOR=44ff4242
[r]   0x7F * 0x43 + Zero (33.368627 / 94): COLOR=44ff4343
[r]   0x7F * 0x44 + Zero (33.866667 / 221): COLOR=44ff4444
[r]   0x7F * 0x45 + Zero (34.364706 / 93): COLOR=44ff4545
[r]   0x7F * 0x46 + Zero (34.862745 / 220): COLOR=44ff4646
[r]   0x7F * 0x47 + Zero (35.360784 / 92): COLOR=44ff4747
[r]   0x7F * 0x48 + Zero (35.858824 / 219): COLOR=44ff4848
[r]   0x7F * 0x49 + Zero (36.356863 / 91): COLOR=44ff4949
[r]   0x7F * 0x4A + Zero (36.854902 / 218): COLOR=44ff4a4a
[r]   0x7F * 0x4B + Zero (37.352941 / 90): COLOR=44ff4b4b
[r]   0x7F * 0x4C + Zero (37.850980 / 217): COLOR=44ff4c4c
[r]   0x7F * 0x4D + Zero (38.349020 / 89): COLOR=44ff4d4d
[r]   0x7F * 0x4E + Zero (38.847059 / 216): COLOR=44ff4e4e
[r]   0x7F * 0x4F + Zero (39.345098 / 88): COLOR=44ff4f4f
[r]   0x7F * 0x50 + Zero (39.843137 / 215): COLOR=44ff5050
[r]   0x7F * 0x51 + Zero (40.341176 / 87): COLOR=44ff5151
[r]   0x7F * 0x52 + Zero (40.839216 / 214): COLOR=44ff5252
[r]   0x7F * 0x53 + Zero (41.337255 / 86): COLOR=44ff5353
[r]   0x7F * 0x54 + Zero (41.835294 / 213): COLOR=44ff5454
[r]   0x7F * 0x55 + Zero (42.333333 / 85): COLOR=44ff5555
[r]   0x7F * 0x56 + Zero (42.831373 / 212): COLOR=44ff5656
[r]   0x7F * 0x57 + Zero (43.329412 / 84): COLOR=44ff5757
[r]   0x7F * 0x58 + Zero (43.827451 / 211): COLOR=44ff5858
[r]   0x7F * 0x59 + Zero (44.325490 / 83): COLOR=44ff5959
[r]   0x7F * 0x5A + Zero (44.823529 / 210): COLOR=44ff5a5a
[r]   0x7F * 0x5B + Zero (45.321569 / 82): COLOR=44ff5b5b
[r]   0x7F * 0x5C + Zero (45.819608 / 209): COLOR=44ff5c5c
[r]   0x7F * 0x5D + Zero (46.317647 / 81): COLOR=44ff5d5d
[r]   0x7F * 0x5E + Zero (46.815686 / 208): COLOR=44ff5e5e
[r]   0x7F * 0x5F + Zero (47.313725 / 80): COLOR=44ff5f5f
[r]   0x7F * 0x60 + Zero (47.811765 / 207): COLOR=44ff6060
[r]   0x7F * 0x61 + Zero (48.309804 / 79): COLOR=44ff6161
[r]   0x7F * 0x62 + Zero (48.807843 / 206): COLOR=44ff6262
[r]   0x7F * 0x63 + Zero (49.305882 / 78): COLOR=44ff6363
[r]   0x7F * 0x64 + Zero (49.803922 / 205): COLOR=44ff6464
[r]   0x7F * 0x65 + Zero (50.301961 / 77): COLOR=44ff6565
[r]   0x7F * 0x66 + Zero (50.800000 / 204): COLOR=44ff6666
[r]   0x7F * 0x67 + Zero (51.298039 / 76): COLOR=44ff6767
[r]   0x7F * 0x68 + Zero (51.796078 / 203): COLOR=44ff6868
[r]   0x7F * 0x69 + Zero (52.294118 / 75): COLOR=44ff6969
[r]   0x7F * 0x6A + Zero (52.792157 / 202): COLOR=44ff6a6a
[r]   0x7F * 0x6B + Zero (53.290196 / 74): COLOR=44ff6b6b
[r]   0x7F * 0x6C + Zero (53.788235 / 201): COLOR=44ff6c6c
[r]   0x7F * 0x6D + Zero (54.286275 / 73): COLOR=44ff6d6d
[r]   0x7F * 0x6E + Zero (54.784314 / 200): COLOR=44ff6e6e
[r]   0x7F * 0x6F + Zero (55.282353 / 72): COLOR=44ff6f6f
[r]   0x7F * 0x70 + Zero (55.780392 / 199): COLOR=44ff7070
[r]   0x7F * 0x71 + Zero (56.278431 / 71): COLOR=44ff7171
[r]   0x7F * 0x72 + Zero (56.776471 / 198): COLOR=44ff7272
[r]   0x7F * 0x73 + Zero (57.274510 / 70): COLOR=44ff7373
[r]   0x7F * 0x74 + Zero (57.772549 / 197): COLOR=44ff7474
[r]   0x7F * 0x75 + Zero (58.270588 / 69): COLOR=44ff7575
[r]   0x7F * 0x76 + Zero (58.768627 / 196): COLOR=44ff7676
[r]   0x7F * 0x77 + Zero (59.266667 / 68): COLOR=44ff7777
[r]   0x7F * 0x78 + Zero (59.764706 / 195): COLOR=44ff7878
[r]   0x7F * 0x79 + Zero (60.262745 / 67): COLOR=44ff7979
[r]   0x7F * 0x7A + Zero (60.760784 / 194): COLOR=44ff7a7a
[r]   0x7F * 0x7B + Zero (61.258824 / 66): COLOR=44ff7b7b
[r]   0x7F * 0x7C + Zero (61.756863 / 193): COLOR=44ff7c7c
[r]   0x7F * 0x7D + Zero (62.254902 / 65): COLOR=44ff7d7d
[r]   0x7F * 0x7E + Zero (62.752941 / 192): COLOR=44ff7e7e
[r]   0x7F * 0x7F + Zero (63.250980 / 64): COLOR=44ff7f7f
[r]   0x7F * 0x80 + Zero (63.749020 / 191): COLOR=44ff8080
[r]   0x7F * 0x81 + Zero (64.247059 / 63): COLOR=44ff8181
[r]   0x7F * 0x82 + Zero (64.745098 / 190): COLOR=44ff8282
[r]   0x7F * 0x83 + Zero (65.243137 / 62): COLOR=44ff8383
[r]   0x7F * 0x84 + Zero (65.741176 / 189): COLOR=44ff8484
[r]   0x7F * 0x85 + Zero (66.239216 / 61): COLOR=44ff8585
[r]   0x7F * 0x86 + Zero (66.737255 / 188): COLOR=44ff8686
[r]   0x7F * 0x87 + Zero (67.235294 / 60): COLOR=44ff8787
[r]   0x7F * 0x88 + Zero (67.733333 / 187): COLOR=44ff8888
[r]   0x7F * 0x89 + Zero (68.231373 / 59): COLOR=44ff8989
[r]   0x7F * 0x8A + Zero (68.729412 / 186): COLOR=44ff8a8a
[r]   0x7F * 0x8B + Zero (69.227451 / 58): COLOR=44ff8b8b
[r]   0x7F * 0x8C + Zero (69.725490 / 185): COLOR=44ff8c8c
[r]   0x7F * 0x8D + Zero (70.223529 / 57): COLOR=44ff8d8d
[r]   0x7F * 0x8E + Zero (70.721569 / 184): COLOR=44ff8e8e
[r]   0x7F * 0x8F + Zero (71.219608 / 56): COLOR=44ff8f8f
[r]   0x7F * 0x90 + Zero (71.717647 / 183): COLOR=44ff9090
[r]   0x7F * 0x91 + Zero (72.215686 / 55): COLOR=44ff9191
[r]   0x7F * 0x92 + Zero (72.713725 / 182): COLOR=44ff9292
[r]   0x7F * 0x93 + Zero (73.211765 / 54): COLOR=44ff9393
[r]   0x7F * 0x94 + Zero (73.709804 / 181): COLOR=44ff9494
[r]   0x7F * 0x95 + Zero (74.207843 / 53): COLOR=44ff9595
[r]   0x7F * 0x96 + Zero (74.705882 / 180): COLOR=44ff9696
[r]   0x7F * 0x97 + Zero (75.203922 / 52): COLOR=44ff9797
[r]   0x7F * 0x98 + Zero (75.701961 / 179): COLOR=44ff9898
[r]   0x7F * 0x99 + Zero (76.200000 / 51): COLOR=44ff9999
[r]   0x7F * 0x9A + Zero (76.698039 / 178): COLOR=44ff9a9a
[r]   0x7F * 0x9B + Zero (77.196078 / 50): COLOR=44ff9b9b
[r]   0x7F * 0x9C + Zero (77.694118 / 177): COLOR=44ff9c9c
[r]   0x7F * 0x9D + Zero (78.192157 / 49): COLOR=44ff9d9d
[r]   0x7F * 0x9E + Zero (78.690196 / 176): COLOR=44ff9e9e
[r]   0x7F * 0x9F + Zero (79.188235 / 48): COLOR=44ff9f9f
[r]   0x7F * 0xA0 + Zero (79.686275 / 175): COLOR=44ffa0a0
[r]   0x7F * 0xA1 + Zero (80.184314 / 47): COLOR=44ffa1a1
[r]   0x7F * 0xA2 + Zero (80.682353 / 174): COLOR=44ffa2a2
[r]   0x7F * 0xA3 + Zero (81.180392 / 46): COLOR=44ffa3a3
[r]   0x7F * 0xA4 + Zero (81.678431 / 173): COLOR=44ffa4a4
[r]   0x7F * 0xA5 + Zero (82.176471 / 45): COLOR=44ffa5a5
[r]   0x7F * 0xA6 + Zero (82.674510 / 172): COLOR=44ffa6a6
[r]   0x7F * 0xA7 + Zero (83.172549 / 44): COLOR=44ffa7a7
[r]   0x7F * 0xA8 + Zero (83.670588 / 171): COLOR=44ffa8a8
[r]   0x7F * 0xA9 + Zero (84.168627 / 43): COLOR=44ffa9a9
[r]   0x7F * 0xAA + Zero (84.666667 / 170): COLOR=44ffaaaa
[r]   0x7F * 0xAB + Zero (85.164706 / 42): COLOR=44ffabab
[r]   0x7F * 0xAC + Zero (85.662745 / 169): COLOR=44ffacac
[r]   0x7F * 0xAD + Zero (86.160784 / 41): COLOR=44ffadad
[r]   0x7F * 0xAE + Zero (86.658824 / 168): COLOR=44ffaeae
[r]   0x7F * 0xAF + Zero (87.156863 / 40): COLOR=44ffafaf
[r]   0x7F * 0xB0 + Zero (87.654902 / 167): COLOR=44ffb0b0
[r]   0x7F * 0xB1 + Zero (88.152941 / 39): COLOR=44ffb1b1
[r]   0x7F * 0xB2 + Zero (88.650980 / 166): COLOR=44ffb2b2
[r]   0x7F * 0xB3 + Zero (89.149020 / 38): COLOR=44ffb3b3
[r]   0x7F * 0xB4 + Zero (89.647059 / 165): COLOR=44ffb4b4
[r]   0x7F * 0xB5 + Zero (90.145098 / 37): COLOR=44ffb5b5
[r]   0x7F * 0xB6 + Zero (90.643137 / 164): COLOR=44ffb6b6
[r]   0x7F * 0xB7 + Zero (91.141176 / 36): COLOR=44ffb7b7
[r]   0x7F * 0xB8 + Zero (91.639216 / 163): COLOR=44ffb8b8
[r]   0x7F * 0xB9 + Zero (92.137255 / 35): COLOR=44ffb9b9
[r]   0x7F * 0xBA + Zero (92.635294 / 162): COLOR=44ffbaba
[r]   0x7F * 0xBB + Zero (93.133333 / 34): COLOR=44ffbbbb
[r]   0x7F * 0xBC + Zero (93.631373 / 161): COLOR=44ffbcbc
[r]   0x7F * 0xBD + Zero (94.129412 / 33): COLOR=44ffbdbd
[r]   0x7F * 0xBE + Zero (94.627451 / 160): COLOR=44ffbebe
[r]   0x7F * 0xBF + Zero (95.125490 / 32): COLOR=44ffbfbf
[r]   0x7F * 0xC0 + Zero (95.623529 / 159): COLOR=44ffc0c0
[r]   0x7F * 0xC1 + Zero (96.121569 / 31): COLOR=44ffc1c1
[r]   0x7F * 0xC2 + Zero (96.619608 / 158): COLOR=44ffc2c2
[r]   0x7F * 0xC3 + Zero (97.117647 / 30): COLOR=44ffc3c3
[r]   0x7F * 0xC4 + Zero (97.615686 / 157): COLOR=44ffc4c4
[r]   0x7F * 0xC5 + Zero (98.113725 / 29): COLOR=44ffc5c5
[r]   0x7F * 0xC6 + Zero (98.611765 / 156): COLOR=44ffc6c6
[r]   0x7F * 0xC7 + Zero (99.109804 / 28): COLOR=44ffc7c7
[r]   0x7F * 0xC8 + Zero (99.607843 / 155): COLOR=44ffc8c8
[r]   0x7F * 0xC9 + Zero (100.105882 / 27): COLOR=44ffc9c9
[r]   0x7F * 0xCA + Zero (100.603922 / 154): COLOR=44ffcaca
[r]   0x7F * 0xCB + Zero (101.101961 / 26): COLOR=44ffcbcb
[r]   0x7F * 0xCC + Zero (101.600000 / 153): COLOR=44ffcccc
[r]   0x7F * 0xCD + Zero (102.098039 / 25): COLOR=44ffcdcd
[r]   0x7F * 0xCE + Zero (102.596078 / 152): COLOR=44ffcece
[r]   0x7F * 0xCF + Zero (103.094118 / 24): COLOR=44ffcfcf
[r]   0x7F * 0xD0 + Zero (103.592157 / 151): COLOR=44ffd0d0
[r]   0x7F * 0xD1 + Zero (104.090196 / 23): COLOR=44ffd1d1
[r]   0x7F * 0xD2 + Zero (104.588235 / 150): COLOR=44ffd2d2
[r]   0x7F * 0xD3 + Zero (105.086275 / 22): COLOR=44ffd3d3
[r]   0x7F * 0xD4 + Zero (105.584314 / 149): COLOR=44ffd4d4
[r]   0x7F * 0xD5 + Zero (106.082353 / 21): COLOR=44ffd5d5
[r]   0x7F * 0xD6 + Zero (106.580392 / 148): COLOR=44ffd6d6
[r]   0x7F * 0xD7 + Zero (107.078431 / 20): COLOR=44ffd7d7
[r]   0x7F * 0xD8 + Zero (107.576471 / 147): COLOR=44ffd8d8
[r]   0x7F * 0xD9 + Zero (108.074510 / 19): COLOR=44ffd9d9
[r]   0x7F * 0xDA + Zero (108.572549 / 146): COLOR=44ffdada
[r]   0x7F * 0xDB + Zero (109.070588 / 18): COLOR=44ffdbdb
[r]   0x7F * 0xDC + Zero (109.568627 / 145): COLOR=44ffdcdc
[r]   0x7F * 0xDD + Zero (110.066667 / 17): COLOR=44ffdddd
[r]   0x7F * 0xDE + Zero (110.564706 / 144): COLOR=44ffdede
[r]   0x7F * 0xDF + Zero (111.062745 / 16): COLOR=44ffdfdf
[r]   0x7F * 0xE0 + Zero (111.560784 / 143): COLOR=44ffe0e0
[r]   0x7F * 0xE1 + Zero (112.058824 / 15): COLOR=44ffe1e1
[r]   0x7F * 0xE2 + Zero (112.556863 / 142): COLOR=44ffe2e2
[r]   0x7F * 0xE3 + Zero (113.054902 / 14): COLOR=44ffe3e3
[r]   0x7F * 0xE4 + Zero (113.552941 / 141): COLOR=44ffe4e4
[r]   0x7F * 0xE5 + Zero (114.050980 / 13): COLOR=44ffe5e5
[r]   0x7F * 0xE6 + Zero (114.549020 / 140): COLOR=44ffe6e6
[r]   0x7F * 0xE7 + Zero (115.047059 / 12): COLOR=44ffe7e7
[r]   0x7F * 0xE8 + Zero (115.545098 / 139): COLOR=44ffe8e8
[r]   0x7F * 0xE9 + Zero (116.043137 / 11): COLOR=44ffe9e9
[r]   0x7F * 0xEA + Zero (116.541176 / 138): COLOR=44ffeaea
[r]   0x7F * 0xEB + Zero (117.039216 / 10): COLOR=44ffebeb
[r]   0x7F * 0xEC + Zero (117.537255 / 137): COLOR=44ffecec
[r]   0x7F * 0xED + Zero (118.035294 / 9): COLOR=44ffeded
[r]   0x7F * 0xEE + Zero (118.533333 / 136): COLOR=44ffeeee
[r]   0x7F * 0xEF + Zero (119.031373 / 8): COLOR=44ffefef
[r]   0x7F * 0xF0 + Zero (119.529412 / 135): COLOR=44fff0f0
[r]   0x7F * 0xF1 + Zero (120.027451 / 7): COLOR=44fff1f1
[r]   0x7F * 0xF2 + Zero (120.525490 / 134): COLOR=44fff2f2
[r]   0x7F * 0xF3 + Zero (121.023529 / 6): COLOR=44fff3f3
[r]   0x7F * 0xF4 + Zero (121.521569 / 133): COLOR=44fff4f4
[r]   0x7F * 0xF5 + Zero (122.019608 / 5): COLOR=44fff5f5
[r]   0x7F * 0xF6 + Zero (122.517647 / 132): COLOR=44fff6f6
[r]   0x7F * 0xF7 + Zero (123.015686 / 4): COLOR=44fff7f7
[r]   0x7F * 0xF8 + Zero (123.513725 / 131): COLOR=44fff8f8
[r]   0x7F * 0xF9 + Zero (124.011765 / 3): COLOR=44fff9f9
[r]   0x7F * 0xFA + Zero (124.509804 / 130): COLOR=44fffafa
[r]   0x7F * 0xFB + Zero (125.007843 / 2): COLOR=44fffbfb
[r]   0x7F * 0xFC + Zero (125.505882 / 129): COLOR=44fffcfc
[r]   0x7F * 0xFD + Zero (126.003922 / 1): COLOR=44fffdfd
[r]   0x7F * 0xFE + Zero (126.501961 / 128): COLOR=44fffefe
[r]   0x7F * 0xFF + Zero (127.000000 / 0): COLOR=44ffffff
