[x] Modules:
[r]   LoadAv: 00000000
[r]   UnloadAv: 00000000
[r]   Load: 00000000

[x] Sequence:
[r]   Init: 00000000
[r]   Finish: 00000000
[x]   Twice: 80650039

[x] In use:
[r]   Create: 00000000
[x]   Finish in use: 80650039
[x]   Delete: 00000000
[r]   Finish deleted: 00000000
