[x] Modules:
[r]   LoadAv: 00000000
[r]   UnloadAv: 00000000
[r]   Load: 00000000

[x] Sequence:
[r]   Init: 00000000
[x]   Twice: 80650042
[r]   Finish: 00000000
[r]   After finish: 00000000
