[x] White 0: f8fcf8 / ffffff
[r] White 1: f8fcf8 / ffffff
[r] White 2: f8fcf8 / ffffff
[r] White 3: 000000 / 000000
[r] First greater 0: 18fcf8 / ffffff
[r] First greater 1: 808080 / ffffff
[r] First greater 2: 3ad2d0 / ffffff
[r] First greater 3: 5da9a8 / ffffff
[r] First lesser 0: 808080 / ffffff
[r] First lesser 1: f808f8 / ffffff
[r] First lesser 2: bc44bc / ffffff
[r] First lesser 3: 000000 / 000000
[r] Color mix 2: 8a2155 / ffffff
[r] Color mix 3: 953232 / ffffff
[r] Top left pixel only: b5c050 / ffffff
