[x] White 0: f8fcf8 / 505050
[r] White 1: f8fcf8 / 505050
[r] White 2: f8fcf8 / 505050
[r] White 3: 000000 / 505050
[r] First greater 0: 18fcf8 / 505050
[r] First greater 1: 808080 / 505050
[r] First greater 2: 3ad2d0 / 505050
[r] First greater 3: 5da9a8 / 505050
[r] First lesser 0: 808080 / 505050
[r] First lesser 1: f808f8 / 505050
[r] First lesser 2: bc44bc / 505050
[r] First lesser 3: 000000 / 505050
[r] Color mix 2: 8a2155 / 505050
[r] Color mix 3: 953232 / 505050
[r] Alpha 0: 8a2155 / 000000
[r] Alpha F: 953232 / f0f0f0
[r] Top left pixel only: b5c050 / f0f0f0
