[x] White: ffffff
[r] Red: 000073
[r] Gray: 848284
[r] Brown: 290429
