[x] White: ffffff
[r] Red: 0000ff
[r] Gray: 888888
[r] Brown: 552255
