[x] White: ffffff
[r] Red: 000073
[r] Gray: 848484
[r] Brown: 290829
