[x] Checking sceRtcGetDaysInMonth
[x] sceRtcGetDaysInMonth:2010, 4: 30

[x] Checking sceRtcGetDayOfWeek
[x] sceRtcGetDayOfWeek:2010, 4, 27: 2
[x] sceRtcGetDayOfWeek:166970016, 1024, 0: 3
[x] sceRtcGetDayOfWeek:2000, 0, 0: 1
[x] sceRtcGetDayOfWeek:2000, 1, 0: 5
[x] sceRtcGetDayOfWeek:2000, 573, 0: 0
[x] sceRtcGetDayOfWeek:2000, 1, 2458: 6
[x] sceRtcGetDayOfWeek:2000, 4587, 2458: 0
[x] sceRtcGetDayOfWeek:2001, 0, 0: 2
[x] sceRtcGetDayOfWeek:2001, 1, 0: 0
[x] sceRtcGetDayOfWeek:2001, 573, 0: 1
[x] sceRtcGetDayOfWeek:2001, 1, 2458: 1
[x] sceRtcGetDayOfWeek:2001, 4587, 2458: 1

[x] Checking sceRtcIsLeapYear

[x] Leap Years:
[x] 1636: 00000001
[x] 1776: 00000001
[x] 1872: 00000001
[x] 1948: 00000001
[x] 2004: 00000001
[x] 2096: 00000001

[x] Non-Leap Years:
[x] 1637: 00000000
[x] 1777: 00000000
[x] 1873: 00000000
[x] 1949: 00000000
[x] 2005: 00000000
[x] 2097: 00000000

[x] Checking sceRtcCheckValid for maximum year
[x] Max year: 10000, struct year: 10000, result: -1

[x] Checking sceRtcCheckValid
[x] Valid Date: 0
[x] Very invalid Date: -1
[x] invalid year: -1
[x] invalid month: -2
[x] invalid day: -3
[x] invalid hour: -4
[x] invalid minutes: -5
[x] invalid seconds: -6
[x] invalid microseconds: -7
