[x] Texture widths:
[r]   Texture w=1 8888 transform: TL=f00000 TC=f00000, TR=f00000, BR=f00000
[r]   Texture w=2 8888 transform: TL=f00000 TC=f00000, TR=f00001, BR=f00001
[r]   Texture w=4 8888 transform: TL=f00000 TC=f00001, TR=f00003, BR=f00003
[r]   Texture w=8 8888 transform: TL=f00000 TC=f00003, TR=f00007, BR=f00007
[r]   Texture w=16 8888 transform: TL=f00000 TC=f00007, TR=f0000f, BR=f0000f
[r]   Texture w=32 8888 transform: TL=f00000 TC=f0000f, TR=f0001f, BR=f0001f
[r]   Texture w=64 8888 transform: TL=f00000 TC=f0001f, TR=f0003f, BR=f0003f
[r]   Texture w=128 8888 transform: TL=f00000 TC=f0003f, TR=f0007f, BR=f0007f
[r]   Texture w=256 8888 transform: TL=f00000 TC=f0007f, TR=f000ff, BR=f000ff
[r]   Texture w=512 8888 transform: TL=f00001 TC=f000ff, TR=f001ff, BR=f001ff
[r]   Texture w=1024 8888 transform: TL=f00002 TC=f001fe, TR=f001ff, BR=f001ff
[r]   Texture w=2048 8888 transform: TL=f00004 TC=f001ff, TR=f001ff, BR=f001ff
[r]   Texture w=4096 8888 transform: TL=f00008 TC=f001ff, TR=f001ff, BR=f001ff
[r]   Texture w=8192 8888 transform: TL=f00010 TC=f001ff, TR=f001ff, BR=f001ff
[r]   Texture w=16384 8888 transform: TL=f00020 TC=f001ff, TR=f001ff, BR=f001ff
[r]   Texture w=32768 8888 transform: TL=f00040 TC=f001ff, TR=f001ff, BR=f001ff
[r]   Texture w=1 8888 through: TL=f00000 TC=f00000, TR=f00000, BR=f00000
[r]   Texture w=2 8888 through: TL=f00000 TC=f00000, TR=f00001, BR=f00001
[r]   Texture w=4 8888 through: TL=f00000 TC=f00001, TR=f00003, BR=f00003
[r]   Texture w=8 8888 through: TL=f00000 TC=f00003, TR=f00007, BR=f00007
[r]   Texture w=16 8888 through: TL=f00000 TC=f00007, TR=f0000f, BR=f0000f
[r]   Texture w=32 8888 through: TL=f00000 TC=f0000f, TR=f0001f, BR=f0001f
[r]   Texture w=64 8888 through: TL=f00000 TC=f0001f, TR=f0003f, BR=f0003f
[r]   Texture w=128 8888 through: TL=f00000 TC=f0003f, TR=f0007f, BR=f0007f
[r]   Texture w=256 8888 through: TL=f00000 TC=f0007f, TR=f000ff, BR=f000ff
[r]   Texture w=512 8888 through: TL=f00001 TC=f000ff, TR=f001ff, BR=f001ff
[r]   Texture w=1024 8888 through: TL=f00002 TC=f001fe, TR=f001ff, BR=f001ff
[r]   Texture w=2048 8888 through: TL=f00004 TC=f001ff, TR=f001ff, BR=f001ff
[r]   Texture w=4096 8888 through: TL=f00008 TC=f001ff, TR=f001ff, BR=f001ff
[r]   Texture w=8192 8888 through: TL=f00010 TC=f001ff, TR=f001ff, BR=f001ff
[r]   Texture w=16384 8888 through: TL=f00020 TC=f001ff, TR=f001ff, BR=f001ff
[r]   Texture w=32768 8888 through: TL=f00040 TC=f001ff, TR=f001ff, BR=f001ff
[r]   Texture w=1 4444 transform: TL=000000 TC=000000, TR=000000, BR=000000
[r]   Texture w=2 4444 transform: TL=000000 TC=000000, TR=000011, BR=000011
[r]   Texture w=4 4444 transform: TL=000000 TC=000011, TR=000033, BR=000033
[r]   Texture w=8 4444 transform: TL=000000 TC=000033, TR=000077, BR=000077
[r]   Texture w=16 4444 transform: TL=000000 TC=000077, TR=0000ff, BR=0000ff
[r]   Texture w=32 4444 transform: TL=000000 TC=0000ff, TR=0011ff, BR=0011ff
[r]   Texture w=64 4444 transform: TL=000000 TC=0011ff, TR=0033ff, BR=0033ff
[r]   Texture w=128 4444 transform: TL=000000 TC=0033ff, TR=0077ff, BR=0077ff
[r]   Texture w=256 4444 transform: TL=000000 TC=0077ff, TR=00ffff, BR=00ffff
[r]   Texture w=512 4444 transform: TL=000011 TC=00ffff, TR=11ffff, BR=11ffff
[r]   Texture w=1024 4444 transform: TL=000022 TC=11ffee, TR=11ffff, BR=11ffff
[r]   Texture w=2048 4444 transform: TL=000044 TC=11ffff, TR=11ffff, BR=11ffff
[r]   Texture w=4096 4444 transform: TL=000088 TC=11ffff, TR=11ffff, BR=11ffff
[r]   Texture w=8192 4444 transform: TL=001100 TC=11ffff, TR=11ffff, BR=11ffff
[r]   Texture w=16384 4444 transform: TL=002200 TC=11ffff, TR=11ffff, BR=11ffff
[r]   Texture w=32768 4444 transform: TL=004400 TC=11ffff, TR=11ffff, BR=11ffff
[r]   Texture w=1 4444 through: TL=000000 TC=000000, TR=000000, BR=000000
[r]   Texture w=2 4444 through: TL=000000 TC=000000, TR=000011, BR=000011
[r]   Texture w=4 4444 through: TL=000000 TC=000011, TR=000033, BR=000033
[r]   Texture w=8 4444 through: TL=000000 TC=000033, TR=000077, BR=000077
[r]   Texture w=16 4444 through: TL=000000 TC=000077, TR=0000ff, BR=0000ff
[r]   Texture w=32 4444 through: TL=000000 TC=0000ff, TR=0011ff, BR=0011ff
[r]   Texture w=64 4444 through: TL=000000 TC=0011ff, TR=0033ff, BR=0033ff
[r]   Texture w=128 4444 through: TL=000000 TC=0033ff, TR=0077ff, BR=0077ff
[r]   Texture w=256 4444 through: TL=000000 TC=0077ff, TR=00ffff, BR=00ffff
[r]   Texture w=512 4444 through: TL=000011 TC=00ffff, TR=11ffff, BR=11ffff
[r]   Texture w=1024 4444 through: TL=000022 TC=11ffee, TR=11ffff, BR=11ffff
[r]   Texture w=2048 4444 through: TL=000044 TC=11ffff, TR=11ffff, BR=11ffff
[r]   Texture w=4096 4444 through: TL=000088 TC=11ffff, TR=11ffff, BR=11ffff
[r]   Texture w=8192 4444 through: TL=001100 TC=11ffff, TR=11ffff, BR=11ffff
[r]   Texture w=16384 4444 through: TL=002200 TC=11ffff, TR=11ffff, BR=11ffff
[r]   Texture w=32768 4444 through: TL=004400 TC=11ffff, TR=11ffff, BR=11ffff
[r]   Texture w=1 CLUT8 transform: TL=000000 TC=000000, TR=000000, BR=000000
[r]   Texture w=2 CLUT8 transform: TL=000000 TC=000000, TR=000001, BR=000001
[r]   Texture w=4 CLUT8 transform: TL=000000 TC=000001, TR=000003, BR=000003
[r]   Texture w=8 CLUT8 transform: TL=000000 TC=000003, TR=000007, BR=000007
[r]   Texture w=16 CLUT8 transform: TL=000000 TC=000007, TR=00000f, BR=00000f
[r]   Texture w=32 CLUT8 transform: TL=000000 TC=00000f, TR=00001f, BR=00001f
[r]   Texture w=64 CLUT8 transform: TL=000000 TC=00001f, TR=00003f, BR=00003f
[r]   Texture w=128 CLUT8 transform: TL=000000 TC=00003f, TR=00007f, BR=00007f
[r]   Texture w=256 CLUT8 transform: TL=000000 TC=00007f, TR=0000ff, BR=0000ff
[r]   Texture w=512 CLUT8 transform: TL=000001 TC=0000ff, TR=0000ff, BR=0000ff
[r]   Texture w=1024 CLUT8 transform: TL=000002 TC=0000fe, TR=0000ff, BR=0000ff
[r]   Texture w=2048 CLUT8 transform: TL=000004 TC=0000ff, TR=0000ff, BR=0000ff
[r]   Texture w=4096 CLUT8 transform: TL=000008 TC=0000ff, TR=0000ff, BR=0000ff
[r]   Texture w=8192 CLUT8 transform: TL=000010 TC=0000ff, TR=0000ff, BR=0000ff
[r]   Texture w=16384 CLUT8 transform: TL=000020 TC=0000ff, TR=0000ff, BR=0000ff
[r]   Texture w=32768 CLUT8 transform: TL=000040 TC=0000ff, TR=0000ff, BR=0000ff
[r]   Texture w=1 CLUT8 through: TL=000000 TC=000000, TR=000000, BR=000000
[r]   Texture w=2 CLUT8 through: TL=000000 TC=000000, TR=000001, BR=000001
[r]   Texture w=4 CLUT8 through: TL=000000 TC=000001, TR=000003, BR=000003
[r]   Texture w=8 CLUT8 through: TL=000000 TC=000003, TR=000007, BR=000007
[r]   Texture w=16 CLUT8 through: TL=000000 TC=000007, TR=00000f, BR=00000f
[r]   Texture w=32 CLUT8 through: TL=000000 TC=00000f, TR=00001f, BR=00001f
[r]   Texture w=64 CLUT8 through: TL=000000 TC=00001f, TR=00003f, BR=00003f
[r]   Texture w=128 CLUT8 through: TL=000000 TC=00003f, TR=00007f, BR=00007f
[r]   Texture w=256 CLUT8 through: TL=000000 TC=00007f, TR=0000ff, BR=0000ff
[r]   Texture w=512 CLUT8 through: TL=000001 TC=0000ff, TR=0000ff, BR=0000ff
[r]   Texture w=1024 CLUT8 through: TL=000002 TC=0000fe, TR=0000ff, BR=0000ff
[r]   Texture w=2048 CLUT8 through: TL=000004 TC=0000ff, TR=0000ff, BR=0000ff
[r]   Texture w=4096 CLUT8 through: TL=000008 TC=0000ff, TR=0000ff, BR=0000ff
[r]   Texture w=8192 CLUT8 through: TL=000010 TC=0000ff, TR=0000ff, BR=0000ff
[r]   Texture w=16384 CLUT8 through: TL=000020 TC=0000ff, TR=0000ff, BR=0000ff
[r]   Texture w=32768 CLUT8 through: TL=000040 TC=0000ff, TR=0000ff, BR=0000ff
[r]   Texture w=1 CLUT4 transform: TL=000000 TC=000000, TR=000000, BR=000000
[r]   Texture w=2 CLUT4 transform: TL=000000 TC=000000, TR=000001, BR=000001
[r]   Texture w=4 CLUT4 transform: TL=000000 TC=000001, TR=000003, BR=000003
[r]   Texture w=8 CLUT4 transform: TL=000000 TC=000003, TR=000007, BR=000007
[r]   Texture w=16 CLUT4 transform: TL=000000 TC=000007, TR=00000f, BR=00000f
[r]   Texture w=32 CLUT4 transform: TL=000000 TC=00000f, TR=00000f, BR=00000f
[r]   Texture w=64 CLUT4 transform: TL=000000 TC=00000f, TR=00000f, BR=00000f
[r]   Texture w=128 CLUT4 transform: TL=000000 TC=00000f, TR=00000f, BR=00000f
[r]   Texture w=256 CLUT4 transform: TL=000000 TC=00000f, TR=00000f, BR=00000f
[r]   Texture w=512 CLUT4 transform: TL=000001 TC=00000f, TR=00000f, BR=00000f
[r]   Texture w=1024 CLUT4 transform: TL=000002 TC=00000e, TR=00000f, BR=00000f
[r]   Texture w=2048 CLUT4 transform: TL=000004 TC=00000f, TR=00000f, BR=00000f
[r]   Texture w=4096 CLUT4 transform: TL=000008 TC=00000f, TR=00000f, BR=00000f
[r]   Texture w=8192 CLUT4 transform: TL=000000 TC=00000f, TR=00000f, BR=00000f
[r]   Texture w=16384 CLUT4 transform: TL=000000 TC=00000f, TR=00000f, BR=00000f
[r]   Texture w=32768 CLUT4 transform: TL=000000 TC=00000f, TR=00000f, BR=00000f
[r]   Texture w=1 CLUT4 through: TL=000000 TC=000000, TR=000000, BR=000000
[r]   Texture w=2 CLUT4 through: TL=000000 TC=000000, TR=000001, BR=000001
[r]   Texture w=4 CLUT4 through: TL=000000 TC=000001, TR=000003, BR=000003
[r]   Texture w=8 CLUT4 through: TL=000000 TC=000003, TR=000007, BR=000007
[r]   Texture w=16 CLUT4 through: TL=000000 TC=000007, TR=00000f, BR=00000f
[r]   Texture w=32 CLUT4 through: TL=000000 TC=00000f, TR=00000f, BR=00000f
[r]   Texture w=64 CLUT4 through: TL=000000 TC=00000f, TR=00000f, BR=00000f
[r]   Texture w=128 CLUT4 through: TL=000000 TC=00000f, TR=00000f, BR=00000f
[r]   Texture w=256 CLUT4 through: TL=000000 TC=00000f, TR=00000f, BR=00000f
[r]   Texture w=512 CLUT4 through: TL=000001 TC=00000f, TR=00000f, BR=00000f
[r]   Texture w=1024 CLUT4 through: TL=000002 TC=00000e, TR=00000f, BR=00000f
[r]   Texture w=2048 CLUT4 through: TL=000004 TC=00000f, TR=00000f, BR=00000f
[r]   Texture w=4096 CLUT4 through: TL=000008 TC=00000f, TR=00000f, BR=00000f
[r]   Texture w=8192 CLUT4 through: TL=000000 TC=00000f, TR=00000f, BR=00000f
[r]   Texture w=16384 CLUT4 through: TL=000000 TC=00000f, TR=00000f, BR=00000f
[r]   Texture w=32768 CLUT4 through: TL=000000 TC=00000f, TR=00000f, BR=00000f

[x] Texture heights:
[r]   Texture h=1 8888 transform: TL=f00000 TC=f00000, TR=f00000, BR=f00000
[r]   Texture h=2 8888 transform: TL=f00000 CL=f00000, BL=543210, BR=543210
[r]   Texture h=4 8888 transform: TL=f00000 CL=543210, BL=543210, BR=543210
[r]   Texture h=8 8888 transform: TL=f00000 CL=543210, BL=543210, BR=543210
[r]   Texture h=16 8888 transform: TL=f00000 CL=543210, BL=543210, BR=543210
[r]   Texture h=32 8888 transform: TL=f00000 CL=543210, BL=543210, BR=543210
[r]   Texture h=64 8888 transform: TL=f00000 CL=543210, BL=543210, BR=543210
[r]   Texture h=128 8888 transform: TL=f00000 CL=543210, BL=543210, BR=543210
[r]   Texture h=256 8888 transform: TL=f00000 CL=543210, BL=543210, BR=543210
[r]   Texture h=512 8888 transform: TL=f00000 CL=543210, BL=543210, BR=543210
[r]   Texture h=1024 8888 transform: TL=f00004 CL=543210, BL=543210, BR=543210
[r]   Texture h=2048 8888 transform: TL=f0000c CL=f007fc, BL=f007fc, BR=f007fc
[r]   Texture h=4096 8888 transform: TL=f0001c CL=f007fc, BL=f007fc, BR=f007fc
[r]   Texture h=8192 8888 transform: TL=f00038 CL=f007fc, BL=f007fc, BR=f007fc
[r]   Texture h=16384 8888 transform: TL=f00070 CL=f007fc, BL=f007fc, BR=f007fc
[r]   Texture h=32768 8888 transform: TL=f000e0 CL=f007fc, BL=f007fc, BR=f007fc
[r]   Texture h=1 8888 through: TL=f00000 TC=f00000, TR=f00000, BR=f00000
[r]   Texture h=2 8888 through: TL=f00000 CL=f00000, BL=f00004, BR=f00004
[r]   Texture h=4 8888 through: TL=f00000 CL=f00004, BL=f0000c, BR=f0000c
[r]   Texture h=8 8888 through: TL=f00000 CL=f0000c, BL=f0001c, BR=f0001c
[r]   Texture h=16 8888 through: TL=f00000 CL=f0001c, BL=f0003c, BR=f0003c
[r]   Texture h=32 8888 through: TL=f00000 CL=f0003c, BL=f0007c, BR=f0007c
[r]   Texture h=64 8888 through: TL=f00000 CL=f0007c, BL=f000fc, BR=f000fc
[r]   Texture h=128 8888 through: TL=f00000 CL=f000fc, BL=f001fc, BR=f001fc
[r]   Texture h=256 8888 through: TL=f00000 CL=f001fc, BL=f003fc, BR=f003fc
[r]   Texture h=512 8888 through: TL=f00004 CL=f003fc, BL=f007fc, BR=f007fc
[r]   Texture h=1024 8888 through: TL=f00008 CL=f007f8, BL=f007fc, BR=f007fc
[r]   Texture h=2048 8888 through: TL=f00010 CL=f007fc, BL=f007fc, BR=f007fc
[r]   Texture h=4096 8888 through: TL=f00020 CL=f007fc, BL=f007fc, BR=f007fc
[r]   Texture h=8192 8888 through: TL=f00040 CL=f007fc, BL=f007fc, BR=f007fc
[r]   Texture h=16384 8888 through: TL=f00080 CL=f007fc, BL=f007fc, BR=f007fc
[r]   Texture h=32768 8888 through: TL=f00100 CL=f007fc, BL=f007fc, BR=f007fc
[r]   Texture h=1 4444 transform: TL=000000 TC=000000, TR=000000, BR=000000
[r]   Texture h=2 4444 transform: TL=000000 CL=000000, BL=000044, BR=000044
[r]   Texture h=4 4444 transform: TL=000000 CL=000044, BL=0000cc, BR=0000cc
[r]   Texture h=8 4444 transform: TL=000000 CL=0000cc, BL=0011cc, BR=0011cc
[r]   Texture h=16 4444 transform: TL=000000 CL=0011cc, BL=0033cc, BR=0033cc
[r]   Texture h=32 4444 transform: TL=000000 CL=0033cc, BL=0077cc, BR=0077cc
[r]   Texture h=64 4444 transform: TL=000000 CL=0077cc, BL=00ffcc, BR=00ffcc
[r]   Texture h=128 4444 transform: TL=000000 CL=00ffcc, BL=11ffcc, BR=11ffcc
[r]   Texture h=256 4444 transform: TL=000000 CL=11ffcc, BL=33ffcc, BR=33ffcc
[r]   Texture h=512 4444 transform: TL=000000 CL=33ff88, BL=77ff88, BR=77ff88
[r]   Texture h=1024 4444 transform: TL=000088 CL=77ff44, BL=77ffcc, BR=77ffcc
[r]   Texture h=2048 4444 transform: TL=001188 CL=77ffcc, BL=77ffcc, BR=77ffcc
[r]   Texture h=4096 4444 transform: TL=003388 CL=ffff88, BL=ffff88, BR=ffff88
[r]   Texture h=8192 4444 transform: TL=007700 CL=ffff88, BL=ffff88, BR=ffff88
[r]   Texture h=16384 4444 transform: TL=00ee00 CL=ffff88, BL=ffff88, BR=ffff88
[r]   Texture h=32768 4444 transform: TL=11cc00 CL=ffff88, BL=ffff88, BR=ffff88
[r]   Texture h=1 4444 through: TL=000000 TC=000000, TR=000000, BR=000000
[r]   Texture h=2 4444 through: TL=000000 CL=000000, BL=000088, BR=000088
[r]   Texture h=4 4444 through: TL=000000 CL=000088, BL=001188, BR=001188
[r]   Texture h=8 4444 through: TL=000000 CL=001188, BL=003388, BR=003388
[r]   Texture h=16 4444 through: TL=000000 CL=003388, BL=007788, BR=007788
[r]   Texture h=32 4444 through: TL=000000 CL=007788, BL=00ff88, BR=00ff88
[r]   Texture h=64 4444 through: TL=000000 CL=00ff88, BL=11ff88, BR=11ff88
[r]   Texture h=128 4444 through: TL=000000 CL=11ff88, BL=33ff88, BR=33ff88
[r]   Texture h=256 4444 through: TL=000000 CL=33ff88, BL=77ff88, BR=77ff88
[r]   Texture h=512 4444 through: TL=000088 CL=77ff88, BL=ffff88, BR=ffff88
[r]   Texture h=1024 4444 through: TL=001100 CL=ffff00, BL=ffff88, BR=ffff88
[r]   Texture h=2048 4444 through: TL=002200 CL=ffff88, BL=ffff88, BR=ffff88
[r]   Texture h=4096 4444 through: TL=004400 CL=ffff88, BL=ffff88, BR=ffff88
[r]   Texture h=8192 4444 through: TL=008800 CL=ffff88, BL=ffff88, BR=ffff88
[r]   Texture h=16384 4444 through: TL=110000 CL=ffff88, BL=ffff88, BR=ffff88
[r]   Texture h=32768 4444 through: TL=220000 CL=ffff88, BL=ffff88, BR=ffff88
[r]   Texture h=1 CLUT8 transform: TL=000000 TC=000000, TR=000000, BR=000000
[r]   Texture h=2 CLUT8 transform: TL=000000 CL=000000, BL=000008, BR=000008
[r]   Texture h=4 CLUT8 transform: TL=000000 CL=000008, BL=000018, BR=000018
[r]   Texture h=8 CLUT8 transform: TL=000000 CL=000018, BL=000038, BR=000038
[r]   Texture h=16 CLUT8 transform: TL=000000 CL=000038, BL=000078, BR=000078
[r]   Texture h=32 CLUT8 transform: TL=000000 CL=000078, BL=0000f8, BR=0000f8
[r]   Texture h=64 CLUT8 transform: TL=000000 CL=0000f8, BL=0000f8, BR=0000f8
[r]   Texture h=128 CLUT8 transform: TL=000000 CL=0000f8, BL=0000f8, BR=0000f8
[r]   Texture h=256 CLUT8 transform: TL=000000 CL=0000f8, BL=0000f8, BR=0000f8
[r]   Texture h=512 CLUT8 transform: TL=000000 CL=0000f0, BL=0000f0, BR=0000f0
[r]   Texture h=1024 CLUT8 transform: TL=000000 CL=0000e8, BL=0000f8, BR=0000f8
[r]   Texture h=2048 CLUT8 transform: TL=000000 CL=0000f8, BL=0000f8, BR=0000f8
[r]   Texture h=4096 CLUT8 transform: TL=000000 CL=0000f8, BL=0000f8, BR=0000f8
[r]   Texture h=8192 CLUT8 transform: TL=000000 CL=000000, BL=000000, BR=000000
[r]   Texture h=16384 CLUT8 transform: TL=000000 CL=000000, BL=000000, BR=000000
[r]   Texture h=32768 CLUT8 transform: TL=000000 CL=000000, BL=000000, BR=000000
[r]   Texture h=1 CLUT8 through: TL=000000 TC=000000, TR=000000, BR=000000
[r]   Texture h=2 CLUT8 through: TL=000000 CL=000000, BL=000000, BR=000000
[r]   Texture h=4 CLUT8 through: TL=000000 CL=000000, BL=000000, BR=000000
[r]   Texture h=8 CLUT8 through: TL=000000 CL=000000, BL=000000, BR=000000
[r]   Texture h=16 CLUT8 through: TL=000000 CL=000000, BL=000000, BR=000000
[r]   Texture h=32 CLUT8 through: TL=000000 CL=000000, BL=000000, BR=000000
[r]   Texture h=64 CLUT8 through: TL=000000 CL=000000, BL=000000, BR=000000
[r]   Texture h=128 CLUT8 through: TL=000000 CL=000000, BL=000000, BR=000000
[r]   Texture h=256 CLUT8 through: TL=000000 CL=000000, BL=000000, BR=000000
[r]   Texture h=512 CLUT8 through: TL=000000 CL=000000, BL=000000, BR=000000
[r]   Texture h=1024 CLUT8 through: TL=000000 CL=000000, BL=000000, BR=000000
[r]   Texture h=2048 CLUT8 through: TL=000000 CL=000000, BL=000000, BR=000000
[r]   Texture h=4096 CLUT8 through: TL=000000 CL=000000, BL=000000, BR=000000
[r]   Texture h=8192 CLUT8 through: TL=000000 CL=000000, BL=000000, BR=000000
[r]   Texture h=16384 CLUT8 through: TL=000000 CL=000000, BL=000000, BR=000000
[r]   Texture h=32768 CLUT8 through: TL=000000 CL=000000, BL=000000, BR=000000
[r]   Texture h=1 CLUT4 transform: TL=000000 TC=000000, TR=000000, BR=000000
[r]   Texture h=2 CLUT4 transform: TL=000000 CL=000000, BL=000000, BR=000000
[r]   Texture h=4 CLUT4 transform: TL=000000 CL=000000, BL=000000, BR=000000
[r]   Texture h=8 CLUT4 transform: TL=000000 CL=000000, BL=000000, BR=000000
[r]   Texture h=16 CLUT4 transform: TL=000000 CL=000000, BL=000000, BR=000000
[r]   Texture h=32 CLUT4 transform: TL=000000 CL=000000, BL=000000, BR=000000
[r]   Texture h=64 CLUT4 transform: TL=000000 CL=000000, BL=000000, BR=000000
[r]   Texture h=128 CLUT4 transform: TL=000000 CL=000000, BL=000000, BR=000000
[r]   Texture h=256 CLUT4 transform: TL=000000 CL=000000, BL=000000, BR=000000
[r]   Texture h=512 CLUT4 transform: TL=000000 CL=000000, BL=000000, BR=000000
[r]   Texture h=1024 CLUT4 transform: TL=000000 CL=000000, BL=000000, BR=000000
[r]   Texture h=2048 CLUT4 transform: TL=000000 CL=000000, BL=000000, BR=000000
[r]   Texture h=4096 CLUT4 transform: TL=000000 CL=000000, BL=000000, BR=000000
[r]   Texture h=8192 CLUT4 transform: TL=000000 CL=000000, BL=000000, BR=000000
[r]   Texture h=16384 CLUT4 transform: TL=000000 CL=000000, BL=000000, BR=000000
[r]   Texture h=32768 CLUT4 transform: TL=000000 CL=000000, BL=000000, BR=000000
[r]   Texture h=1 CLUT4 through: TL=000000 TC=000000, TR=000000, BR=000000
[r]   Texture h=2 CLUT4 through: TL=000000 CL=000000, BL=000000, BR=000000
[r]   Texture h=4 CLUT4 through: TL=000000 CL=000000, BL=000000, BR=000000
[r]   Texture h=8 CLUT4 through: TL=000000 CL=000000, BL=000000, BR=000000
[r]   Texture h=16 CLUT4 through: TL=000000 CL=000000, BL=000000, BR=000000
[r]   Texture h=32 CLUT4 through: TL=000000 CL=000000, BL=000000, BR=000000
[r]   Texture h=64 CLUT4 through: TL=000000 CL=000000, BL=000000, BR=000000
[r]   Texture h=128 CLUT4 through: TL=000000 CL=000000, BL=000000, BR=000000
[r]   Texture h=256 CLUT4 through: TL=000000 CL=000000, BL=000000, BR=000000
[r]   Texture h=512 CLUT4 through: TL=000000 CL=000000, BL=000000, BR=000000
[r]   Texture h=1024 CLUT4 through: TL=000000 CL=000000, BL=000000, BR=000000
[r]   Texture h=2048 CLUT4 through: TL=000000 CL=000000, BL=000000, BR=000000
[r]   Texture h=4096 CLUT4 through: TL=000000 CL=000000, BL=000000, BR=000000
[r]   Texture h=8192 CLUT4 through: TL=000000 CL=000000, BL=000000, BR=000000
[r]   Texture h=16384 CLUT4 through: TL=000000 CL=000000, BL=000000, BR=000000
[r]   Texture h=32768 CLUT4 through: TL=000000 CL=000000, BL=000000, BR=000000
